
Rane@rmk1 MINGW64 ~
$ cd Desktop/code-class/FriendFinder/

Rane@rmk1 MINGW64 ~/Desktop/code-class/FriendFinder (master)
$ git status
On branch master
Your branch is up to date with 'origin/master'.

Changes not staged for commit:
  (use "git add <file>..." to update what will be committed)
  (use "git checkout -- <file>..." to discard changes in working directory)

        modified:   app/public/home.html
        modified:   app/public/survey.html

no changes added to commit (use "git add" and/or "git commit -a")

Rane@rmk1 MINGW64 ~/Desktop/code-class/FriendFinder (master)
$ git add .
warning: CRLF will be replaced by LF in app/public/home.html.
The file will have its original line endings in your working directory.
warning: CRLF will be replaced by LF in app/public/survey.html.
The file will have its original line endings in your working directory.

Rane@rmk1 MINGW64 ~/Desktop/code-class/FriendFinder (master)
$ git commit -m "0942"
[master 7992da6] 0942
 2 files changed, 3 insertions(+), 3 deletions(-)

Rane@rmk1 MINGW64 ~/Desktop/code-class/FriendFinder (master)
$ git push origin master
Counting objects: 6, done.
Delta compression using up to 8 threads.
Compressing objects: 100% (6/6), done.
Writing objects: 100% (6/6), 515 bytes | 515.00 KiB/s, done.
Total 6 (delta 3), reused 0 (delta 0)
remote: Resolving deltas: 100% (3/3), completed with 3 local objects.
To github.com:RKaseman/FriendFinder.git
   3a01686..7992da6  master -> master

Rane@rmk1 MINGW64 ~/Desktop/code-class/FriendFinder (master)
$ git push heroku master
Counting objects: 6, done.
Delta compression using up to 8 threads.
Compressing objects: 100% (6/6), done.
Writing objects: 100% (6/6), 515 bytes | 257.00 KiB/s, done.
Total 6 (delta 3), reused 0 (delta 0)
remote: Compressing source files... done.
remote: Building source:
remote:
remote: -----> Node.js app detected
remote:
remote: -----> Creating runtime environment
remote:
remote:        NPM_CONFIG_LOGLEVEL=error
remote:        NODE_VERBOSE=false
remote:        NODE_ENV=production
remote:        NODE_MODULES_CACHE=true
remote:
remote: -----> Installing binaries
remote:        engines.node (package.json):  v8.11.4
remote:        engines.npm (package.json):   unspecified (use default)
remote:
remote:        Resolving node version v8.11.4...
remote:        Downloading and installing node 8.11.4...
remote:        Using default npm version: 5.6.0
remote:
remote: -----> Restoring cache
remote:        - node_modules is checked into source control and cannot be cached
remote:
remote: -----> Building dependencies
remote:        Prebuild detected (node_modules already exists)
remote:        Rebuilding any native modules
remote:        body-parser@1.18.3 /tmp/build_e5d0303c78b6803996cd32922952efc1/node_modules/body-parser
remote:        bytes@3.0.0 /tmp/build_e5d0303c78b6803996cd32922952efc1/node_modules/bytes
remote:        content-type@1.0.4 /tmp/build_e5d0303c78b6803996cd32922952efc1/node_modules/content-type
remote:        debug@2.6.9 /tmp/build_e5d0303c78b6803996cd32922952efc1/node_modules/debug
remote:        ms@2.0.0 /tmp/build_e5d0303c78b6803996cd32922952efc1/node_modules/ms
remote:        depd@1.1.2 /tmp/build_e5d0303c78b6803996cd32922952efc1/node_modules/depd
remote:        http-errors@1.6.3 /tmp/build_e5d0303c78b6803996cd32922952efc1/node_modules/http-errors
remote:        inherits@2.0.3 /tmp/build_e5d0303c78b6803996cd32922952efc1/node_modules/inherits
remote:        setprototypeof@1.1.0 /tmp/build_e5d0303c78b6803996cd32922952efc1/node_modules/setprototypeof
remote:        statuses@1.4.0 /tmp/build_e5d0303c78b6803996cd32922952efc1/node_modules/statuses
remote:        iconv-lite@0.4.23 /tmp/build_e5d0303c78b6803996cd32922952efc1/node_modules/iconv-lite
remote:        safer-buffer@2.1.2 /tmp/build_e5d0303c78b6803996cd32922952efc1/node_modules/safer-buffer
remote:        on-finished@2.3.0 /tmp/build_e5d0303c78b6803996cd32922952efc1/node_modules/on-finished
remote:        ee-first@1.1.1 /tmp/build_e5d0303c78b6803996cd32922952efc1/node_modules/ee-first
remote:        qs@6.5.2 /tmp/build_e5d0303c78b6803996cd32922952efc1/node_modules/body-parser/node_modules/qs
remote:        raw-body@2.3.3 /tmp/build_e5d0303c78b6803996cd32922952efc1/node_modules/raw-body
remote:        unpipe@1.0.0 /tmp/build_e5d0303c78b6803996cd32922952efc1/node_modules/unpipe
remote:        type-is@1.6.16 /tmp/build_e5d0303c78b6803996cd32922952efc1/node_modules/type-is
remote:        media-typer@0.3.0 /tmp/build_e5d0303c78b6803996cd32922952efc1/node_modules/media-typer
remote:        mime-types@2.1.20 /tmp/build_e5d0303c78b6803996cd32922952efc1/node_modules/mime-types
remote:        mime-db@1.36.0 /tmp/build_e5d0303c78b6803996cd32922952efc1/node_modules/mime-db
remote:        express@4.16.3 /tmp/build_e5d0303c78b6803996cd32922952efc1/node_modules/express
remote:        accepts@1.3.5 /tmp/build_e5d0303c78b6803996cd32922952efc1/node_modules/accepts
remote:        negotiator@0.6.1 /tmp/build_e5d0303c78b6803996cd32922952efc1/node_modules/negotiator
remote:        array-flatten@1.1.1 /tmp/build_e5d0303c78b6803996cd32922952efc1/node_modules/array-flatten
remote:        body-parser@1.18.2 /tmp/build_e5d0303c78b6803996cd32922952efc1/node_modules/express/node_modules/body-parser
remote:        iconv-lite@0.4.19 /tmp/build_e5d0303c78b6803996cd32922952efc1/node_modules/express/node_modules/iconv-lite
remote:        qs@6.5.1 /tmp/build_e5d0303c78b6803996cd32922952efc1/node_modules/qs
remote:        raw-body@2.3.2 /tmp/build_e5d0303c78b6803996cd32922952efc1/node_modules/express/node_modules/raw-body
remote:        http-errors@1.6.2 /tmp/build_e5d0303c78b6803996cd32922952efc1/node_modules/express/node_modules/raw-body/node_modules/http-errors
remote:        depd@1.1.1 /tmp/build_e5d0303c78b6803996cd32922952efc1/node_modules/express/node_modules/raw-body/node_modules/depd
remote:        setprototypeof@1.0.3 /tmp/build_e5d0303c78b6803996cd32922952efc1/node_modules/express/node_modules/raw-body/node_modules/setprototypeof
remote:        content-disposition@0.5.2 /tmp/build_e5d0303c78b6803996cd32922952efc1/node_modules/content-disposition
remote:        cookie@0.3.1 /tmp/build_e5d0303c78b6803996cd32922952efc1/node_modules/cookie
remote:        cookie-signature@1.0.6 /tmp/build_e5d0303c78b6803996cd32922952efc1/node_modules/cookie-signature
remote:        encodeurl@1.0.2 /tmp/build_e5d0303c78b6803996cd32922952efc1/node_modules/encodeurl
remote:        escape-html@1.0.3 /tmp/build_e5d0303c78b6803996cd32922952efc1/node_modules/escape-html
remote:        etag@1.8.1 /tmp/build_e5d0303c78b6803996cd32922952efc1/node_modules/etag
remote:        finalhandler@1.1.1 /tmp/build_e5d0303c78b6803996cd32922952efc1/node_modules/finalhandler
remote:        parseurl@1.3.2 /tmp/build_e5d0303c78b6803996cd32922952efc1/node_modules/parseurl
remote:        fresh@0.5.2 /tmp/build_e5d0303c78b6803996cd32922952efc1/node_modules/fresh
remote:        merge-descriptors@1.0.1 /tmp/build_e5d0303c78b6803996cd32922952efc1/node_modules/merge-descriptors
remote:        methods@1.1.2 /tmp/build_e5d0303c78b6803996cd32922952efc1/node_modules/methods
remote:        path-to-regexp@0.1.7 /tmp/build_e5d0303c78b6803996cd32922952efc1/node_modules/path-to-regexp
remote:        proxy-addr@2.0.4 /tmp/build_e5d0303c78b6803996cd32922952efc1/node_modules/proxy-addr
remote:        forwarded@0.1.2 /tmp/build_e5d0303c78b6803996cd32922952efc1/node_modules/forwarded
remote:        ipaddr.js@1.8.0 /tmp/build_e5d0303c78b6803996cd32922952efc1/node_modules/ipaddr.js
remote:        range-parser@1.2.0 /tmp/build_e5d0303c78b6803996cd32922952efc1/node_modules/range-parser
remote:        safe-buffer@5.1.1 /tmp/build_e5d0303c78b6803996cd32922952efc1/node_modules/safe-buffer
remote:        send@0.16.2 /tmp/build_e5d0303c78b6803996cd32922952efc1/node_modules/send
remote:        destroy@1.0.4 /tmp/build_e5d0303c78b6803996cd32922952efc1/node_modules/destroy
remote:        mime@1.4.1 /tmp/build_e5d0303c78b6803996cd32922952efc1/node_modules/mime
remote:        serve-static@1.13.2 /tmp/build_e5d0303c78b6803996cd32922952efc1/node_modules/serve-static
remote:        utils-merge@1.0.1 /tmp/build_e5d0303c78b6803996cd32922952efc1/node_modules/utils-merge
remote:        vary@1.1.2 /tmp/build_e5d0303c78b6803996cd32922952efc1/node_modules/vary
remote:        path@0.12.7 /tmp/build_e5d0303c78b6803996cd32922952efc1/node_modules/path
remote:        process@0.11.10 /tmp/build_e5d0303c78b6803996cd32922952efc1/node_modules/process
remote:        util@0.10.4 /tmp/build_e5d0303c78b6803996cd32922952efc1/node_modules/util
remote:        Installing any new modules (package.json)
remote:        up to date in 0.571s
remote:
remote: -----> Caching build
remote:        - node_modules
remote:
remote: -----> Pruning devDependencies
remote:        Skipping because npm 5.6.0 sometimes fails when running 'npm prune' due to a known issue
remote:        https://github.com/npm/npm/issues/19356
remote:
remote:        You can silence this warning by updating to at least npm 5.7.1 in your package.json
remote:        https://devcenter.heroku.com/articles/nodejs-support#specifying-an-npm-version
remote:
remote: -----> Build succeeded!
remote: -----> Discovering process types
remote:        Procfile declares types     -> (none)
remote:        Default types for buildpack -> web
remote:
remote: -----> Compressing...
remote:        Done: 17.9M
remote: -----> Launching...
remote:        Released v9
remote:        https://friend-finder-by-rmk.herokuapp.com/ deployed to Heroku
remote:
remote: Verifying deploy... done.
To https://git.heroku.com/friend-finder-by-rmk.git
   3a01686..7992da6  master -> master

Rane@rmk1 MINGW64 ~/Desktop/code-class/FriendFinder (master)
$ git status
On branch master
Your branch is up to date with 'origin/master'.

Changes not staged for commit:
  (use "git add <file>..." to update what will be committed)
  (use "git checkout -- <file>..." to discard changes in working directory)

        modified:   app/public/home.html
        modified:   app/public/survey.html

no changes added to commit (use "git add" and/or "git commit -a")

Rane@rmk1 MINGW64 ~/Desktop/code-class/FriendFinder (master)
$ git add .
warning: CRLF will be replaced by LF in app/public/home.html.
The file will have its original line endings in your working directory.
warning: CRLF will be replaced by LF in app/public/survey.html.
The file will have its original line endings in your working directory.

Rane@rmk1 MINGW64 ~/Desktop/code-class/FriendFinder (master)
$ git commit -m "1001"
[master 1cbf4cf] 1001
 2 files changed, 2 insertions(+), 2 deletions(-)

Rane@rmk1 MINGW64 ~/Desktop/code-class/FriendFinder (master)
$ git push origin master
Counting objects: 6, done.
Delta compression using up to 8 threads.
Compressing objects: 100% (6/6), done.
Writing objects: 100% (6/6), 524 bytes | 524.00 KiB/s, done.
Total 6 (delta 3), reused 0 (delta 0)
remote: Resolving deltas: 100% (3/3), completed with 3 local objects.
To github.com:RKaseman/FriendFinder.git
   7992da6..1cbf4cf  master -> master

Rane@rmk1 MINGW64 ~/Desktop/code-class/FriendFinder (master)
$ git push heroku master
Counting objects: 6, done.
Delta compression using up to 8 threads.
Compressing objects: 100% (6/6), done.
Writing objects: 100% (6/6), 524 bytes | 524.00 KiB/s, done.
Total 6 (delta 3), reused 0 (delta 0)
remote: Compressing source files... done.
remote: Building source:
remote:
remote: -----> Node.js app detected
remote:
remote: -----> Creating runtime environment
remote:
remote:        NPM_CONFIG_LOGLEVEL=error
remote:        NODE_VERBOSE=false
remote:        NODE_ENV=production
remote:        NODE_MODULES_CACHE=true
remote:
remote: -----> Installing binaries
remote:        engines.node (package.json):  v8.11.4
remote:        engines.npm (package.json):   unspecified (use default)
remote:
remote:        Resolving node version v8.11.4...
remote:        Downloading and installing node 8.11.4...
remote:        Using default npm version: 5.6.0
remote:
remote: -----> Restoring cache
remote:        - node_modules is checked into source control and cannot be cached
remote:
remote: -----> Building dependencies
remote:        Prebuild detected (node_modules already exists)
remote:        Rebuilding any native modules
remote:        body-parser@1.18.3 /tmp/build_923251e9d931d2ae442db2b5b3608a38/node_modules/body-parser
remote:        bytes@3.0.0 /tmp/build_923251e9d931d2ae442db2b5b3608a38/node_modules/bytes
remote:        content-type@1.0.4 /tmp/build_923251e9d931d2ae442db2b5b3608a38/node_modules/content-type
remote:        debug@2.6.9 /tmp/build_923251e9d931d2ae442db2b5b3608a38/node_modules/debug
remote:        ms@2.0.0 /tmp/build_923251e9d931d2ae442db2b5b3608a38/node_modules/ms
remote:        depd@1.1.2 /tmp/build_923251e9d931d2ae442db2b5b3608a38/node_modules/depd
remote:        http-errors@1.6.3 /tmp/build_923251e9d931d2ae442db2b5b3608a38/node_modules/http-errors
remote:        inherits@2.0.3 /tmp/build_923251e9d931d2ae442db2b5b3608a38/node_modules/inherits
remote:        setprototypeof@1.1.0 /tmp/build_923251e9d931d2ae442db2b5b3608a38/node_modules/setprototypeof
remote:        statuses@1.4.0 /tmp/build_923251e9d931d2ae442db2b5b3608a38/node_modules/statuses
remote:        iconv-lite@0.4.23 /tmp/build_923251e9d931d2ae442db2b5b3608a38/node_modules/iconv-lite
remote:        safer-buffer@2.1.2 /tmp/build_923251e9d931d2ae442db2b5b3608a38/node_modules/safer-buffer
remote:        on-finished@2.3.0 /tmp/build_923251e9d931d2ae442db2b5b3608a38/node_modules/on-finished
remote:        ee-first@1.1.1 /tmp/build_923251e9d931d2ae442db2b5b3608a38/node_modules/ee-first
remote:        qs@6.5.2 /tmp/build_923251e9d931d2ae442db2b5b3608a38/node_modules/body-parser/node_modules/qs
remote:        raw-body@2.3.3 /tmp/build_923251e9d931d2ae442db2b5b3608a38/node_modules/raw-body
remote:        unpipe@1.0.0 /tmp/build_923251e9d931d2ae442db2b5b3608a38/node_modules/unpipe
remote:        type-is@1.6.16 /tmp/build_923251e9d931d2ae442db2b5b3608a38/node_modules/type-is
remote:        media-typer@0.3.0 /tmp/build_923251e9d931d2ae442db2b5b3608a38/node_modules/media-typer
remote:        mime-types@2.1.20 /tmp/build_923251e9d931d2ae442db2b5b3608a38/node_modules/mime-types
remote:        mime-db@1.36.0 /tmp/build_923251e9d931d2ae442db2b5b3608a38/node_modules/mime-db
remote:        express@4.16.3 /tmp/build_923251e9d931d2ae442db2b5b3608a38/node_modules/express
remote:        accepts@1.3.5 /tmp/build_923251e9d931d2ae442db2b5b3608a38/node_modules/accepts
remote:        negotiator@0.6.1 /tmp/build_923251e9d931d2ae442db2b5b3608a38/node_modules/negotiator
remote:        array-flatten@1.1.1 /tmp/build_923251e9d931d2ae442db2b5b3608a38/node_modules/array-flatten
remote:        body-parser@1.18.2 /tmp/build_923251e9d931d2ae442db2b5b3608a38/node_modules/express/node_modules/body-parser
remote:        iconv-lite@0.4.19 /tmp/build_923251e9d931d2ae442db2b5b3608a38/node_modules/express/node_modules/iconv-lite
remote:        qs@6.5.1 /tmp/build_923251e9d931d2ae442db2b5b3608a38/node_modules/qs
remote:        raw-body@2.3.2 /tmp/build_923251e9d931d2ae442db2b5b3608a38/node_modules/express/node_modules/raw-body
remote:        http-errors@1.6.2 /tmp/build_923251e9d931d2ae442db2b5b3608a38/node_modules/express/node_modules/raw-body/node_modules/http-errors
remote:        depd@1.1.1 /tmp/build_923251e9d931d2ae442db2b5b3608a38/node_modules/express/node_modules/raw-body/node_modules/depd
remote:        setprototypeof@1.0.3 /tmp/build_923251e9d931d2ae442db2b5b3608a38/node_modules/express/node_modules/raw-body/node_modules/setprototypeof
remote:        content-disposition@0.5.2 /tmp/build_923251e9d931d2ae442db2b5b3608a38/node_modules/content-disposition
remote:        cookie@0.3.1 /tmp/build_923251e9d931d2ae442db2b5b3608a38/node_modules/cookie
remote:        cookie-signature@1.0.6 /tmp/build_923251e9d931d2ae442db2b5b3608a38/node_modules/cookie-signature
remote:        encodeurl@1.0.2 /tmp/build_923251e9d931d2ae442db2b5b3608a38/node_modules/encodeurl
remote:        escape-html@1.0.3 /tmp/build_923251e9d931d2ae442db2b5b3608a38/node_modules/escape-html
remote:        etag@1.8.1 /tmp/build_923251e9d931d2ae442db2b5b3608a38/node_modules/etag
remote:        finalhandler@1.1.1 /tmp/build_923251e9d931d2ae442db2b5b3608a38/node_modules/finalhandler
remote:        parseurl@1.3.2 /tmp/build_923251e9d931d2ae442db2b5b3608a38/node_modules/parseurl
remote:        fresh@0.5.2 /tmp/build_923251e9d931d2ae442db2b5b3608a38/node_modules/fresh
remote:        merge-descriptors@1.0.1 /tmp/build_923251e9d931d2ae442db2b5b3608a38/node_modules/merge-descriptors
remote:        methods@1.1.2 /tmp/build_923251e9d931d2ae442db2b5b3608a38/node_modules/methods
remote:        path-to-regexp@0.1.7 /tmp/build_923251e9d931d2ae442db2b5b3608a38/node_modules/path-to-regexp
remote:        proxy-addr@2.0.4 /tmp/build_923251e9d931d2ae442db2b5b3608a38/node_modules/proxy-addr
remote:        forwarded@0.1.2 /tmp/build_923251e9d931d2ae442db2b5b3608a38/node_modules/forwarded
remote:        ipaddr.js@1.8.0 /tmp/build_923251e9d931d2ae442db2b5b3608a38/node_modules/ipaddr.js
remote:        range-parser@1.2.0 /tmp/build_923251e9d931d2ae442db2b5b3608a38/node_modules/range-parser
remote:        safe-buffer@5.1.1 /tmp/build_923251e9d931d2ae442db2b5b3608a38/node_modules/safe-buffer
remote:        send@0.16.2 /tmp/build_923251e9d931d2ae442db2b5b3608a38/node_modules/send
remote:        destroy@1.0.4 /tmp/build_923251e9d931d2ae442db2b5b3608a38/node_modules/destroy
remote:        mime@1.4.1 /tmp/build_923251e9d931d2ae442db2b5b3608a38/node_modules/mime
remote:        serve-static@1.13.2 /tmp/build_923251e9d931d2ae442db2b5b3608a38/node_modules/serve-static
remote:        utils-merge@1.0.1 /tmp/build_923251e9d931d2ae442db2b5b3608a38/node_modules/utils-merge
remote:        vary@1.1.2 /tmp/build_923251e9d931d2ae442db2b5b3608a38/node_modules/vary
remote:        path@0.12.7 /tmp/build_923251e9d931d2ae442db2b5b3608a38/node_modules/path
remote:        process@0.11.10 /tmp/build_923251e9d931d2ae442db2b5b3608a38/node_modules/process
remote:        util@0.10.4 /tmp/build_923251e9d931d2ae442db2b5b3608a38/node_modules/util
remote:        Installing any new modules (package.json)
remote:        up to date in 0.5s
remote:
remote: -----> Caching build
remote:        - node_modules
remote:
remote: -----> Pruning devDependencies
remote:        Skipping because npm 5.6.0 sometimes fails when running 'npm prune' due to a known issue
remote:        https://github.com/npm/npm/issues/19356
remote:
remote:        You can silence this warning by updating to at least npm 5.7.1 in your package.json
remote:        https://devcenter.heroku.com/articles/nodejs-support#specifying-an-npm-version
remote:
remote: -----> Build succeeded!
remote: -----> Discovering process types
remote:        Procfile declares types     -> (none)
remote:        Default types for buildpack -> web
remote:
remote: -----> Compressing...
remote:        Done: 18M
remote: -----> Launching...
remote:        Released v10
remote:        https://friend-finder-by-rmk.herokuapp.com/ deployed to Heroku
remote:
remote: Verifying deploy... done.
To https://git.heroku.com/friend-finder-by-rmk.git
   7992da6..1cbf4cf  master -> master

Rane@rmk1 MINGW64 ~/Desktop/code-class/FriendFinder (master)
$ bundle exec rake assets:precompile
bash: bundle: command not found

Rane@rmk1 MINGW64 ~/Desktop/code-class/FriendFinder (master)
$ node server.js
server at http://localhost:8080

Rane@rmk1 MINGW64 ~/Desktop/code-class/FriendFinder (master)
$ git add .
warning: CRLF will be replaced by LF in app/public/home.html.
The file will have its original line endings in your working directory.
warning: CRLF will be replaced by LF in app/public/survey.html.
The file will have its original line endings in your working directory.

Rane@rmk1 MINGW64 ~/Desktop/code-class/FriendFinder (master)
$ git commit -m "1016"
[master 7dd3b45] 1016
 2 files changed, 19 insertions(+), 3 deletions(-)

Rane@rmk1 MINGW64 ~/Desktop/code-class/FriendFinder (master)
$ git push origin master
Counting objects: 6, done.
Delta compression using up to 8 threads.
Compressing objects: 100% (6/6), done.
Writing objects: 100% (6/6), 1.25 KiB | 1.25 MiB/s, done.
Total 6 (delta 3), reused 0 (delta 0)
remote: Resolving deltas: 100% (3/3), completed with 3 local objects.
To github.com:RKaseman/FriendFinder.git
   1cbf4cf..7dd3b45  master -> master

Rane@rmk1 MINGW64 ~/Desktop/code-class/FriendFinder (master)
$ git push heroku master
Counting objects: 6, done.
Delta compression using up to 8 threads.
Compressing objects: 100% (6/6), done.
Writing objects: 100% (6/6), 1.25 KiB | 1.25 MiB/s, done.
Total 6 (delta 3), reused 0 (delta 0)
remote: Compressing source files... done.
remote: Building source:
remote:
remote: -----> Node.js app detected
remote:
remote: -----> Creating runtime environment
remote:
remote:        NPM_CONFIG_LOGLEVEL=error
remote:        NODE_VERBOSE=false
remote:        NODE_ENV=production
remote:        NODE_MODULES_CACHE=true
remote:
remote: -----> Installing binaries
remote:        engines.node (package.json):  v8.11.4
remote:        engines.npm (package.json):   unspecified (use default)
remote:
remote:        Resolving node version v8.11.4...
remote:        Downloading and installing node 8.11.4...
remote:        Using default npm version: 5.6.0
remote:
remote: -----> Restoring cache
remote:        - node_modules is checked into source control and cannot be cached
remote:
remote: -----> Building dependencies
remote:        Prebuild detected (node_modules already exists)
remote:        Rebuilding any native modules
remote:        body-parser@1.18.3 /tmp/build_16b7c518d5cc0851c4a6b508bb0a424c/node_modules/body-parser
remote:        bytes@3.0.0 /tmp/build_16b7c518d5cc0851c4a6b508bb0a424c/node_modules/bytes
remote:        content-type@1.0.4 /tmp/build_16b7c518d5cc0851c4a6b508bb0a424c/node_modules/content-type
remote:        debug@2.6.9 /tmp/build_16b7c518d5cc0851c4a6b508bb0a424c/node_modules/debug
remote:        ms@2.0.0 /tmp/build_16b7c518d5cc0851c4a6b508bb0a424c/node_modules/ms
remote:        depd@1.1.2 /tmp/build_16b7c518d5cc0851c4a6b508bb0a424c/node_modules/depd
remote:        http-errors@1.6.3 /tmp/build_16b7c518d5cc0851c4a6b508bb0a424c/node_modules/http-errors
remote:        inherits@2.0.3 /tmp/build_16b7c518d5cc0851c4a6b508bb0a424c/node_modules/inherits
remote:        setprototypeof@1.1.0 /tmp/build_16b7c518d5cc0851c4a6b508bb0a424c/node_modules/setprototypeof
remote:        statuses@1.4.0 /tmp/build_16b7c518d5cc0851c4a6b508bb0a424c/node_modules/statuses
remote:        iconv-lite@0.4.23 /tmp/build_16b7c518d5cc0851c4a6b508bb0a424c/node_modules/iconv-lite
remote:        safer-buffer@2.1.2 /tmp/build_16b7c518d5cc0851c4a6b508bb0a424c/node_modules/safer-buffer
remote:        on-finished@2.3.0 /tmp/build_16b7c518d5cc0851c4a6b508bb0a424c/node_modules/on-finished
remote:        ee-first@1.1.1 /tmp/build_16b7c518d5cc0851c4a6b508bb0a424c/node_modules/ee-first
remote:        qs@6.5.2 /tmp/build_16b7c518d5cc0851c4a6b508bb0a424c/node_modules/body-parser/node_modules/qs
remote:        raw-body@2.3.3 /tmp/build_16b7c518d5cc0851c4a6b508bb0a424c/node_modules/raw-body
remote:        unpipe@1.0.0 /tmp/build_16b7c518d5cc0851c4a6b508bb0a424c/node_modules/unpipe
remote:        type-is@1.6.16 /tmp/build_16b7c518d5cc0851c4a6b508bb0a424c/node_modules/type-is
remote:        media-typer@0.3.0 /tmp/build_16b7c518d5cc0851c4a6b508bb0a424c/node_modules/media-typer
remote:        mime-types@2.1.20 /tmp/build_16b7c518d5cc0851c4a6b508bb0a424c/node_modules/mime-types
remote:        mime-db@1.36.0 /tmp/build_16b7c518d5cc0851c4a6b508bb0a424c/node_modules/mime-db
remote:        express@4.16.3 /tmp/build_16b7c518d5cc0851c4a6b508bb0a424c/node_modules/express
remote:        accepts@1.3.5 /tmp/build_16b7c518d5cc0851c4a6b508bb0a424c/node_modules/accepts
remote:        negotiator@0.6.1 /tmp/build_16b7c518d5cc0851c4a6b508bb0a424c/node_modules/negotiator
remote:        array-flatten@1.1.1 /tmp/build_16b7c518d5cc0851c4a6b508bb0a424c/node_modules/array-flatten
remote:        body-parser@1.18.2 /tmp/build_16b7c518d5cc0851c4a6b508bb0a424c/node_modules/express/node_modules/body-parser
remote:        iconv-lite@0.4.19 /tmp/build_16b7c518d5cc0851c4a6b508bb0a424c/node_modules/express/node_modules/iconv-lite
remote:        qs@6.5.1 /tmp/build_16b7c518d5cc0851c4a6b508bb0a424c/node_modules/qs
remote:        raw-body@2.3.2 /tmp/build_16b7c518d5cc0851c4a6b508bb0a424c/node_modules/express/node_modules/raw-body
remote:        http-errors@1.6.2 /tmp/build_16b7c518d5cc0851c4a6b508bb0a424c/node_modules/express/node_modules/raw-body/node_modules/http-errors
remote:        depd@1.1.1 /tmp/build_16b7c518d5cc0851c4a6b508bb0a424c/node_modules/express/node_modules/raw-body/node_modules/depd
remote:        setprototypeof@1.0.3 /tmp/build_16b7c518d5cc0851c4a6b508bb0a424c/node_modules/express/node_modules/raw-body/node_modules/setprototypeof
remote:        content-disposition@0.5.2 /tmp/build_16b7c518d5cc0851c4a6b508bb0a424c/node_modules/content-disposition
remote:        cookie@0.3.1 /tmp/build_16b7c518d5cc0851c4a6b508bb0a424c/node_modules/cookie
remote:        cookie-signature@1.0.6 /tmp/build_16b7c518d5cc0851c4a6b508bb0a424c/node_modules/cookie-signature
remote:        encodeurl@1.0.2 /tmp/build_16b7c518d5cc0851c4a6b508bb0a424c/node_modules/encodeurl
remote:        escape-html@1.0.3 /tmp/build_16b7c518d5cc0851c4a6b508bb0a424c/node_modules/escape-html
remote:        etag@1.8.1 /tmp/build_16b7c518d5cc0851c4a6b508bb0a424c/node_modules/etag
remote:        finalhandler@1.1.1 /tmp/build_16b7c518d5cc0851c4a6b508bb0a424c/node_modules/finalhandler
remote:        parseurl@1.3.2 /tmp/build_16b7c518d5cc0851c4a6b508bb0a424c/node_modules/parseurl
remote:        fresh@0.5.2 /tmp/build_16b7c518d5cc0851c4a6b508bb0a424c/node_modules/fresh
remote:        merge-descriptors@1.0.1 /tmp/build_16b7c518d5cc0851c4a6b508bb0a424c/node_modules/merge-descriptors
remote:        methods@1.1.2 /tmp/build_16b7c518d5cc0851c4a6b508bb0a424c/node_modules/methods
remote:        path-to-regexp@0.1.7 /tmp/build_16b7c518d5cc0851c4a6b508bb0a424c/node_modules/path-to-regexp
remote:        proxy-addr@2.0.4 /tmp/build_16b7c518d5cc0851c4a6b508bb0a424c/node_modules/proxy-addr
remote:        forwarded@0.1.2 /tmp/build_16b7c518d5cc0851c4a6b508bb0a424c/node_modules/forwarded
remote:        ipaddr.js@1.8.0 /tmp/build_16b7c518d5cc0851c4a6b508bb0a424c/node_modules/ipaddr.js
remote:        range-parser@1.2.0 /tmp/build_16b7c518d5cc0851c4a6b508bb0a424c/node_modules/range-parser
remote:        safe-buffer@5.1.1 /tmp/build_16b7c518d5cc0851c4a6b508bb0a424c/node_modules/safe-buffer
remote:        send@0.16.2 /tmp/build_16b7c518d5cc0851c4a6b508bb0a424c/node_modules/send
remote:        destroy@1.0.4 /tmp/build_16b7c518d5cc0851c4a6b508bb0a424c/node_modules/destroy
remote:        mime@1.4.1 /tmp/build_16b7c518d5cc0851c4a6b508bb0a424c/node_modules/mime
remote:        serve-static@1.13.2 /tmp/build_16b7c518d5cc0851c4a6b508bb0a424c/node_modules/serve-static
remote:        utils-merge@1.0.1 /tmp/build_16b7c518d5cc0851c4a6b508bb0a424c/node_modules/utils-merge
remote:        vary@1.1.2 /tmp/build_16b7c518d5cc0851c4a6b508bb0a424c/node_modules/vary
remote:        path@0.12.7 /tmp/build_16b7c518d5cc0851c4a6b508bb0a424c/node_modules/path
remote:        process@0.11.10 /tmp/build_16b7c518d5cc0851c4a6b508bb0a424c/node_modules/process
remote:        util@0.10.4 /tmp/build_16b7c518d5cc0851c4a6b508bb0a424c/node_modules/util
remote:        Installing any new modules (package.json)
remote:        up to date in 0.547s
remote:
remote: -----> Caching build
remote:        - node_modules
remote:
remote: -----> Pruning devDependencies
remote:        Skipping because npm 5.6.0 sometimes fails when running 'npm prune' due to a known issue
remote:        https://github.com/npm/npm/issues/19356
remote:
remote:        You can silence this warning by updating to at least npm 5.7.1 in your package.json
remote:        https://devcenter.heroku.com/articles/nodejs-support#specifying-an-npm-version
remote:
remote: -----> Build succeeded!
remote: -----> Discovering process types
remote:        Procfile declares types     -> (none)
remote:        Default types for buildpack -> web
remote:
remote: -----> Compressing...
remote:        Done: 17.9M
remote: -----> Launching...
remote:        Released v11
remote:        https://friend-finder-by-rmk.herokuapp.com/ deployed to Heroku
remote:
remote: Verifying deploy... done.
To https://git.heroku.com/friend-finder-by-rmk.git
   1cbf4cf..7dd3b45  master -> master

Rane@rmk1 MINGW64 ~/Desktop/code-class/FriendFinder (master)
$ git add .
warning: CRLF will be replaced by LF in app/public/survey.html.
The file will have its original line endings in your working directory.

Rane@rmk1 MINGW64 ~/Desktop/code-class/FriendFinder (master)
$ git commit -m "1017"
[master 6b323c0] 1017
 1 file changed, 3 insertions(+), 3 deletions(-)

Rane@rmk1 MINGW64 ~/Desktop/code-class/FriendFinder (master)
$ git push origin master
Counting objects: 5, done.
Delta compression using up to 8 threads.
Compressing objects: 100% (5/5), done.
Writing objects: 100% (5/5), 522 bytes | 522.00 KiB/s, done.
Total 5 (delta 2), reused 0 (delta 0)
remote: Resolving deltas: 100% (2/2), completed with 2 local objects.
To github.com:RKaseman/FriendFinder.git
   7dd3b45..6b323c0  master -> master

Rane@rmk1 MINGW64 ~/Desktop/code-class/FriendFinder (master)
$ git push heroku master
Counting objects: 5, done.
Delta compression using up to 8 threads.
Compressing objects: 100% (5/5), done.
Writing objects: 100% (5/5), 522 bytes | 522.00 KiB/s, done.
Total 5 (delta 2), reused 0 (delta 0)
remote: Compressing source files... done.
remote: Building source:
remote:
remote: -----> Node.js app detected
remote:
remote: -----> Creating runtime environment
remote:
remote:        NPM_CONFIG_LOGLEVEL=error
remote:        NODE_VERBOSE=false
remote:        NODE_ENV=production
remote:        NODE_MODULES_CACHE=true
remote:
remote: -----> Installing binaries
remote:        engines.node (package.json):  v8.11.4
remote:        engines.npm (package.json):   unspecified (use default)
remote:
remote:        Resolving node version v8.11.4...
remote:        Downloading and installing node 8.11.4...
remote:        Using default npm version: 5.6.0
remote:
remote: -----> Restoring cache
remote:        - node_modules is checked into source control and cannot be cached
remote:
remote: -----> Building dependencies
remote:        Prebuild detected (node_modules already exists)
remote:        Rebuilding any native modules
remote:        body-parser@1.18.3 /tmp/build_1fbe9fa6c5cb2b6d30af39ed7021faff/node_modules/body-parser
remote:        bytes@3.0.0 /tmp/build_1fbe9fa6c5cb2b6d30af39ed7021faff/node_modules/bytes
remote:        content-type@1.0.4 /tmp/build_1fbe9fa6c5cb2b6d30af39ed7021faff/node_modules/content-type
remote:        debug@2.6.9 /tmp/build_1fbe9fa6c5cb2b6d30af39ed7021faff/node_modules/debug
remote:        ms@2.0.0 /tmp/build_1fbe9fa6c5cb2b6d30af39ed7021faff/node_modules/ms
remote:        depd@1.1.2 /tmp/build_1fbe9fa6c5cb2b6d30af39ed7021faff/node_modules/depd
remote:        http-errors@1.6.3 /tmp/build_1fbe9fa6c5cb2b6d30af39ed7021faff/node_modules/http-errors
remote:        inherits@2.0.3 /tmp/build_1fbe9fa6c5cb2b6d30af39ed7021faff/node_modules/inherits
remote:        setprototypeof@1.1.0 /tmp/build_1fbe9fa6c5cb2b6d30af39ed7021faff/node_modules/setprototypeof
remote:        statuses@1.4.0 /tmp/build_1fbe9fa6c5cb2b6d30af39ed7021faff/node_modules/statuses
remote:        iconv-lite@0.4.23 /tmp/build_1fbe9fa6c5cb2b6d30af39ed7021faff/node_modules/iconv-lite
remote:        safer-buffer@2.1.2 /tmp/build_1fbe9fa6c5cb2b6d30af39ed7021faff/node_modules/safer-buffer
remote:        on-finished@2.3.0 /tmp/build_1fbe9fa6c5cb2b6d30af39ed7021faff/node_modules/on-finished
remote:        ee-first@1.1.1 /tmp/build_1fbe9fa6c5cb2b6d30af39ed7021faff/node_modules/ee-first
remote:        qs@6.5.2 /tmp/build_1fbe9fa6c5cb2b6d30af39ed7021faff/node_modules/body-parser/node_modules/qs
remote:        raw-body@2.3.3 /tmp/build_1fbe9fa6c5cb2b6d30af39ed7021faff/node_modules/raw-body
remote:        unpipe@1.0.0 /tmp/build_1fbe9fa6c5cb2b6d30af39ed7021faff/node_modules/unpipe
remote:        type-is@1.6.16 /tmp/build_1fbe9fa6c5cb2b6d30af39ed7021faff/node_modules/type-is
remote:        media-typer@0.3.0 /tmp/build_1fbe9fa6c5cb2b6d30af39ed7021faff/node_modules/media-typer
remote:        mime-types@2.1.20 /tmp/build_1fbe9fa6c5cb2b6d30af39ed7021faff/node_modules/mime-types
remote:        mime-db@1.36.0 /tmp/build_1fbe9fa6c5cb2b6d30af39ed7021faff/node_modules/mime-db
remote:        express@4.16.3 /tmp/build_1fbe9fa6c5cb2b6d30af39ed7021faff/node_modules/express
remote:        accepts@1.3.5 /tmp/build_1fbe9fa6c5cb2b6d30af39ed7021faff/node_modules/accepts
remote:        negotiator@0.6.1 /tmp/build_1fbe9fa6c5cb2b6d30af39ed7021faff/node_modules/negotiator
remote:        array-flatten@1.1.1 /tmp/build_1fbe9fa6c5cb2b6d30af39ed7021faff/node_modules/array-flatten
remote:        body-parser@1.18.2 /tmp/build_1fbe9fa6c5cb2b6d30af39ed7021faff/node_modules/express/node_modules/body-parser
remote:        iconv-lite@0.4.19 /tmp/build_1fbe9fa6c5cb2b6d30af39ed7021faff/node_modules/express/node_modules/iconv-lite
remote:        qs@6.5.1 /tmp/build_1fbe9fa6c5cb2b6d30af39ed7021faff/node_modules/qs
remote:        raw-body@2.3.2 /tmp/build_1fbe9fa6c5cb2b6d30af39ed7021faff/node_modules/express/node_modules/raw-body
remote:        http-errors@1.6.2 /tmp/build_1fbe9fa6c5cb2b6d30af39ed7021faff/node_modules/express/node_modules/raw-body/node_modules/http-errors
remote:        depd@1.1.1 /tmp/build_1fbe9fa6c5cb2b6d30af39ed7021faff/node_modules/express/node_modules/raw-body/node_modules/depd
remote:        setprototypeof@1.0.3 /tmp/build_1fbe9fa6c5cb2b6d30af39ed7021faff/node_modules/express/node_modules/raw-body/node_modules/setprototypeof
remote:        content-disposition@0.5.2 /tmp/build_1fbe9fa6c5cb2b6d30af39ed7021faff/node_modules/content-disposition
remote:        cookie@0.3.1 /tmp/build_1fbe9fa6c5cb2b6d30af39ed7021faff/node_modules/cookie
remote:        cookie-signature@1.0.6 /tmp/build_1fbe9fa6c5cb2b6d30af39ed7021faff/node_modules/cookie-signature
remote:        encodeurl@1.0.2 /tmp/build_1fbe9fa6c5cb2b6d30af39ed7021faff/node_modules/encodeurl
remote:        escape-html@1.0.3 /tmp/build_1fbe9fa6c5cb2b6d30af39ed7021faff/node_modules/escape-html
remote:        etag@1.8.1 /tmp/build_1fbe9fa6c5cb2b6d30af39ed7021faff/node_modules/etag
remote:        finalhandler@1.1.1 /tmp/build_1fbe9fa6c5cb2b6d30af39ed7021faff/node_modules/finalhandler
remote:        parseurl@1.3.2 /tmp/build_1fbe9fa6c5cb2b6d30af39ed7021faff/node_modules/parseurl
remote:        fresh@0.5.2 /tmp/build_1fbe9fa6c5cb2b6d30af39ed7021faff/node_modules/fresh
remote:        merge-descriptors@1.0.1 /tmp/build_1fbe9fa6c5cb2b6d30af39ed7021faff/node_modules/merge-descriptors
remote:        methods@1.1.2 /tmp/build_1fbe9fa6c5cb2b6d30af39ed7021faff/node_modules/methods
remote:        path-to-regexp@0.1.7 /tmp/build_1fbe9fa6c5cb2b6d30af39ed7021faff/node_modules/path-to-regexp
remote:        proxy-addr@2.0.4 /tmp/build_1fbe9fa6c5cb2b6d30af39ed7021faff/node_modules/proxy-addr
remote:        forwarded@0.1.2 /tmp/build_1fbe9fa6c5cb2b6d30af39ed7021faff/node_modules/forwarded
remote:        ipaddr.js@1.8.0 /tmp/build_1fbe9fa6c5cb2b6d30af39ed7021faff/node_modules/ipaddr.js
remote:        range-parser@1.2.0 /tmp/build_1fbe9fa6c5cb2b6d30af39ed7021faff/node_modules/range-parser
remote:        safe-buffer@5.1.1 /tmp/build_1fbe9fa6c5cb2b6d30af39ed7021faff/node_modules/safe-buffer
remote:        send@0.16.2 /tmp/build_1fbe9fa6c5cb2b6d30af39ed7021faff/node_modules/send
remote:        destroy@1.0.4 /tmp/build_1fbe9fa6c5cb2b6d30af39ed7021faff/node_modules/destroy
remote:        mime@1.4.1 /tmp/build_1fbe9fa6c5cb2b6d30af39ed7021faff/node_modules/mime
remote:        serve-static@1.13.2 /tmp/build_1fbe9fa6c5cb2b6d30af39ed7021faff/node_modules/serve-static
remote:        utils-merge@1.0.1 /tmp/build_1fbe9fa6c5cb2b6d30af39ed7021faff/node_modules/utils-merge
remote:        vary@1.1.2 /tmp/build_1fbe9fa6c5cb2b6d30af39ed7021faff/node_modules/vary
remote:        path@0.12.7 /tmp/build_1fbe9fa6c5cb2b6d30af39ed7021faff/node_modules/path
remote:        process@0.11.10 /tmp/build_1fbe9fa6c5cb2b6d30af39ed7021faff/node_modules/process
remote:        util@0.10.4 /tmp/build_1fbe9fa6c5cb2b6d30af39ed7021faff/node_modules/util
remote:        Installing any new modules (package.json)
remote:        up to date in 0.502s
remote:
remote: -----> Caching build
remote:        - node_modules
remote:
remote: -----> Pruning devDependencies
remote:        Skipping because npm 5.6.0 sometimes fails when running 'npm prune' due to a known issue
remote:        https://github.com/npm/npm/issues/19356
remote:
remote:        You can silence this warning by updating to at least npm 5.7.1 in your package.json
remote:        https://devcenter.heroku.com/articles/nodejs-support#specifying-an-npm-version
remote:
remote: -----> Build succeeded!
remote: -----> Discovering process types
remote:        Procfile declares types     -> (none)
remote:        Default types for buildpack -> web
remote:
remote: -----> Compressing...
remote:        Done: 17.9M
remote: -----> Launching...
remote:        Released v12
remote:        https://friend-finder-by-rmk.herokuapp.com/ deployed to Heroku
remote:
remote: Verifying deploy... done.
To https://git.heroku.com/friend-finder-by-rmk.git
   7dd3b45..6b323c0  master -> master

Rane@rmk1 MINGW64 ~/Desktop/code-class/FriendFinder (master)
$ node server.js
server at http://localhost:8080

Rane@rmk1 MINGW64 ~/Desktop/code-class/FriendFinder (master)
$ git status
On branch master
Your branch is up to date with 'origin/master'.

Changes not staged for commit:
  (use "git add <file>..." to update what will be committed)
  (use "git checkout -- <file>..." to discard changes in working directory)

        modified:   app/public/home.html
        modified:   app/public/survey.html

no changes added to commit (use "git add" and/or "git commit -a")

Rane@rmk1 MINGW64 ~/Desktop/code-class/FriendFinder (master)
$ git add .
warning: CRLF will be replaced by LF in app/public/home.html.
The file will have its original line endings in your working directory.
warning: CRLF will be replaced by LF in app/public/survey.html.
The file will have its original line endings in your working directory.

Rane@rmk1 MINGW64 ~/Desktop/code-class/FriendFinder (master)
$ git commit -m "2232"
[master aebb513] 2232
 2 files changed, 8 insertions(+), 20 deletions(-)

Rane@rmk1 MINGW64 ~/Desktop/code-class/FriendFinder (master)
$ git push origin master
Counting objects: 6, done.
Delta compression using up to 8 threads.
Compressing objects: 100% (6/6), done.
Writing objects: 100% (6/6), 786 bytes | 786.00 KiB/s, done.
Total 6 (delta 3), reused 0 (delta 0)
remote: Resolving deltas: 100% (3/3), completed with 3 local objects.
To github.com:RKaseman/FriendFinder.git
   6b323c0..aebb513  master -> master

Rane@rmk1 MINGW64 ~/Desktop/code-class/FriendFinder (master)
$ git push heroku master
Counting objects: 6, done.
Delta compression using up to 8 threads.
Compressing objects: 100% (6/6), done.
Writing objects: 100% (6/6), 786 bytes | 786.00 KiB/s, done.
Total 6 (delta 3), reused 0 (delta 0)
remote: Compressing source files... done.
remote: Building source:
remote:
remote: -----> Node.js app detected
remote:
remote: -----> Creating runtime environment
remote:
remote:        NPM_CONFIG_LOGLEVEL=error
remote:        NODE_VERBOSE=false
remote:        NODE_ENV=production
remote:        NODE_MODULES_CACHE=true
remote:
remote: -----> Installing binaries
remote:        engines.node (package.json):  v8.11.4
remote:        engines.npm (package.json):   unspecified (use default)
remote:
remote:        Resolving node version v8.11.4...
remote:        Downloading and installing node 8.11.4...
remote:        Using default npm version: 5.6.0
remote:
remote: -----> Restoring cache
remote:        - node_modules is checked into source control and cannot be cached
remote:
remote: -----> Building dependencies
remote:        Prebuild detected (node_modules already exists)
remote:        Rebuilding any native modules
remote:        body-parser@1.18.3 /tmp/build_4efbfe751259f96a6c395d3a3370ea82/node_modules/body-parser
remote:        bytes@3.0.0 /tmp/build_4efbfe751259f96a6c395d3a3370ea82/node_modules/bytes
remote:        content-type@1.0.4 /tmp/build_4efbfe751259f96a6c395d3a3370ea82/node_modules/content-type
remote:        debug@2.6.9 /tmp/build_4efbfe751259f96a6c395d3a3370ea82/node_modules/debug
remote:        ms@2.0.0 /tmp/build_4efbfe751259f96a6c395d3a3370ea82/node_modules/ms
remote:        depd@1.1.2 /tmp/build_4efbfe751259f96a6c395d3a3370ea82/node_modules/depd
remote:        http-errors@1.6.3 /tmp/build_4efbfe751259f96a6c395d3a3370ea82/node_modules/http-errors
remote:        inherits@2.0.3 /tmp/build_4efbfe751259f96a6c395d3a3370ea82/node_modules/inherits
remote:        setprototypeof@1.1.0 /tmp/build_4efbfe751259f96a6c395d3a3370ea82/node_modules/setprototypeof
remote:        statuses@1.4.0 /tmp/build_4efbfe751259f96a6c395d3a3370ea82/node_modules/statuses
remote:        iconv-lite@0.4.23 /tmp/build_4efbfe751259f96a6c395d3a3370ea82/node_modules/iconv-lite
remote:        safer-buffer@2.1.2 /tmp/build_4efbfe751259f96a6c395d3a3370ea82/node_modules/safer-buffer
remote:        on-finished@2.3.0 /tmp/build_4efbfe751259f96a6c395d3a3370ea82/node_modules/on-finished
remote:        ee-first@1.1.1 /tmp/build_4efbfe751259f96a6c395d3a3370ea82/node_modules/ee-first
remote:        qs@6.5.2 /tmp/build_4efbfe751259f96a6c395d3a3370ea82/node_modules/body-parser/node_modules/qs
remote:        raw-body@2.3.3 /tmp/build_4efbfe751259f96a6c395d3a3370ea82/node_modules/raw-body
remote:        unpipe@1.0.0 /tmp/build_4efbfe751259f96a6c395d3a3370ea82/node_modules/unpipe
remote:        type-is@1.6.16 /tmp/build_4efbfe751259f96a6c395d3a3370ea82/node_modules/type-is
remote:        media-typer@0.3.0 /tmp/build_4efbfe751259f96a6c395d3a3370ea82/node_modules/media-typer
remote:        mime-types@2.1.20 /tmp/build_4efbfe751259f96a6c395d3a3370ea82/node_modules/mime-types
remote:        mime-db@1.36.0 /tmp/build_4efbfe751259f96a6c395d3a3370ea82/node_modules/mime-db
remote:        express@4.16.3 /tmp/build_4efbfe751259f96a6c395d3a3370ea82/node_modules/express
remote:        accepts@1.3.5 /tmp/build_4efbfe751259f96a6c395d3a3370ea82/node_modules/accepts
remote:        negotiator@0.6.1 /tmp/build_4efbfe751259f96a6c395d3a3370ea82/node_modules/negotiator
remote:        array-flatten@1.1.1 /tmp/build_4efbfe751259f96a6c395d3a3370ea82/node_modules/array-flatten
remote:        body-parser@1.18.2 /tmp/build_4efbfe751259f96a6c395d3a3370ea82/node_modules/express/node_modules/body-parser
remote:        iconv-lite@0.4.19 /tmp/build_4efbfe751259f96a6c395d3a3370ea82/node_modules/express/node_modules/iconv-lite
remote:        qs@6.5.1 /tmp/build_4efbfe751259f96a6c395d3a3370ea82/node_modules/qs
remote:        raw-body@2.3.2 /tmp/build_4efbfe751259f96a6c395d3a3370ea82/node_modules/express/node_modules/raw-body
remote:        http-errors@1.6.2 /tmp/build_4efbfe751259f96a6c395d3a3370ea82/node_modules/express/node_modules/raw-body/node_modules/http-errors
remote:        depd@1.1.1 /tmp/build_4efbfe751259f96a6c395d3a3370ea82/node_modules/express/node_modules/raw-body/node_modules/depd
remote:        setprototypeof@1.0.3 /tmp/build_4efbfe751259f96a6c395d3a3370ea82/node_modules/express/node_modules/raw-body/node_modules/setprototypeof
remote:        content-disposition@0.5.2 /tmp/build_4efbfe751259f96a6c395d3a3370ea82/node_modules/content-disposition
remote:        cookie@0.3.1 /tmp/build_4efbfe751259f96a6c395d3a3370ea82/node_modules/cookie
remote:        cookie-signature@1.0.6 /tmp/build_4efbfe751259f96a6c395d3a3370ea82/node_modules/cookie-signature
remote:        encodeurl@1.0.2 /tmp/build_4efbfe751259f96a6c395d3a3370ea82/node_modules/encodeurl
remote:        escape-html@1.0.3 /tmp/build_4efbfe751259f96a6c395d3a3370ea82/node_modules/escape-html
remote:        etag@1.8.1 /tmp/build_4efbfe751259f96a6c395d3a3370ea82/node_modules/etag
remote:        finalhandler@1.1.1 /tmp/build_4efbfe751259f96a6c395d3a3370ea82/node_modules/finalhandler
remote:        parseurl@1.3.2 /tmp/build_4efbfe751259f96a6c395d3a3370ea82/node_modules/parseurl
remote:        fresh@0.5.2 /tmp/build_4efbfe751259f96a6c395d3a3370ea82/node_modules/fresh
remote:        merge-descriptors@1.0.1 /tmp/build_4efbfe751259f96a6c395d3a3370ea82/node_modules/merge-descriptors
remote:        methods@1.1.2 /tmp/build_4efbfe751259f96a6c395d3a3370ea82/node_modules/methods
remote:        path-to-regexp@0.1.7 /tmp/build_4efbfe751259f96a6c395d3a3370ea82/node_modules/path-to-regexp
remote:        proxy-addr@2.0.4 /tmp/build_4efbfe751259f96a6c395d3a3370ea82/node_modules/proxy-addr
remote:        forwarded@0.1.2 /tmp/build_4efbfe751259f96a6c395d3a3370ea82/node_modules/forwarded
remote:        ipaddr.js@1.8.0 /tmp/build_4efbfe751259f96a6c395d3a3370ea82/node_modules/ipaddr.js
remote:        range-parser@1.2.0 /tmp/build_4efbfe751259f96a6c395d3a3370ea82/node_modules/range-parser
remote:        safe-buffer@5.1.1 /tmp/build_4efbfe751259f96a6c395d3a3370ea82/node_modules/safe-buffer
remote:        send@0.16.2 /tmp/build_4efbfe751259f96a6c395d3a3370ea82/node_modules/send
remote:        destroy@1.0.4 /tmp/build_4efbfe751259f96a6c395d3a3370ea82/node_modules/destroy
remote:        mime@1.4.1 /tmp/build_4efbfe751259f96a6c395d3a3370ea82/node_modules/mime
remote:        serve-static@1.13.2 /tmp/build_4efbfe751259f96a6c395d3a3370ea82/node_modules/serve-static
remote:        utils-merge@1.0.1 /tmp/build_4efbfe751259f96a6c395d3a3370ea82/node_modules/utils-merge
remote:        vary@1.1.2 /tmp/build_4efbfe751259f96a6c395d3a3370ea82/node_modules/vary
remote:        path@0.12.7 /tmp/build_4efbfe751259f96a6c395d3a3370ea82/node_modules/path
remote:        process@0.11.10 /tmp/build_4efbfe751259f96a6c395d3a3370ea82/node_modules/process
remote:        util@0.10.4 /tmp/build_4efbfe751259f96a6c395d3a3370ea82/node_modules/util
remote:        Installing any new modules (package.json)
remote:        up to date in 0.594s
remote:
remote: -----> Caching build
remote:        - node_modules
remote:
remote: -----> Pruning devDependencies
remote:        Skipping because npm 5.6.0 sometimes fails when running 'npm prune' due to a known issue
remote:        https://github.com/npm/npm/issues/19356
remote:
remote:        You can silence this warning by updating to at least npm 5.7.1 in your package.json
remote:        https://devcenter.heroku.com/articles/nodejs-support#specifying-an-npm-version
remote:
remote: -----> Build succeeded!
remote: -----> Discovering process types
remote:        Procfile declares types     -> (none)
remote:        Default types for buildpack -> web
remote:
remote: -----> Compressing...
remote:        Done: 17.9M
remote: -----> Launching...
remote:        Released v13
remote:        https://friend-finder-by-rmk.herokuapp.com/ deployed to Heroku
remote:
remote: Verifying deploy... done.
To https://git.heroku.com/friend-finder-by-rmk.git
   6b323c0..aebb513  master -> master

Rane@rmk1 MINGW64 ~/Desktop/code-class/FriendFinder (master)
$ node server.js
server at http://localhost:8080

Rane@rmk1 MINGW64 ~/Desktop/code-class/FriendFinder (master)
$ cd ../UDEN201807FSF4-FT/

Rane@rmk1 MINGW64 ~/Desktop/code-class/UDEN201807FSF4-FT (master)
$ git pull origin master
remote: Counting objects: 214, done.
remote: Compressing objects: 100% (190/190), done.
remote: Total 214 (delta 2), reused 212 (delta 0)
Receiving objects: 100% (214/214), 250.55 KiB | 1.15 MiB/s, done.
Resolving deltas: 100% (2/2), completed with 2 local objects.
From du.bootcampcontent.com:denver-coding-bootcamp/UDEN201807FSF4-FT
 * branch            master     -> FETCH_HEAD
   465c248..fbd551d  master     -> origin/master
Updating 465c248..fbd551d
Fast-forward
 .../01-Activities/00-MVCDiagram/MVC Diagram.pdf    | Bin 0 -> 11121 bytes
 .../01-Activities/00-MVCDiagram/mvc.jpeg           | Bin 0 -> 26197 bytes
 .../01-Activities/01-Chirpy-mySQL/README.md        |  10 ++
 .../Unsolved/app/config/connection.js              |  27 ++++
 .../Unsolved/app/public/css/style.css              |  37 ++++++
 .../01-Chirpy-mySQL/Unsolved/app/public/index.html |  65 ++++++++++
 .../Unsolved/app/public/js/chirp.js                |  10 ++
 .../Unsolved/app/routes/api-routes.js              |  20 +++
 .../01-Chirpy-mySQL/Unsolved/package.json          |  16 +++
 .../01-Chirpy-mySQL/Unsolved/schema.sql            |   8 ++
 .../01-Chirpy-mySQL/Unsolved/server.js             |  33 +++++
 .../Unsolved/Sequelize_Instructions.md             |  31 +++++
 .../03-Chirpy-Sequelize/app/config/connection.js   |  21 +++
 .../03-Chirpy-Sequelize/app/models/chirp.js        |  20 +++
 .../03-Chirpy-Sequelize/app/public/css/style.css   |  37 ++++++
 .../03-Chirpy-Sequelize/app/public/index.html      |  54 ++++++++
 .../03-Chirpy-Sequelize/app/public/js/chirp.js     |  57 +++++++++
 .../03-Chirpy-Sequelize/app/routes/api-routes.js   |  45 +++++++
 .../03-Chirpy-Sequelize/app/schema.sql             |   2 +
 .../01-Activities/03-Chirpy-Sequelize/package.json |  20 +++
 .../01-Activities/03-Chirpy-Sequelize/server.js    |  33 +++++
 .../01-Activities/04-StarWars/README.md            |   8 ++
 .../04-StarWars/Unsolved/app/config/connection.js  |  34 +++++
 .../04-StarWars/Unsolved/app/config/orm.js         |  56 ++++++++
 .../04-StarWars/Unsolved/app/public/add.html       |  75 +++++++++++
 .../04-StarWars/Unsolved/app/public/all.html       |  49 +++++++
 .../04-StarWars/Unsolved/app/public/js/add.js      |  36 ++++++
 .../04-StarWars/Unsolved/app/public/js/all.js      |  29 +++++
 .../04-StarWars/Unsolved/app/public/js/view.js     |  39 ++++++
 .../04-StarWars/Unsolved/app/public/view.html      |  68 ++++++++++
 .../04-StarWars/Unsolved/app/routes/api-routes.js  |  50 ++++++++
 .../04-StarWars/Unsolved/app/routes/html-routes.js |  33 +++++
 .../04-StarWars/Unsolved/package.json              |  19 +++
 .../01-Activities/04-StarWars/Unsolved/schema.sql  |  22 ++++
 .../01-Activities/04-StarWars/Unsolved/server.js   |  34 +++++
 .../01-Activities/05-SequelizeLibrary/README.md    |   9 ++
 .../Unsolved/app/config/connection.js              |  21 +++
 .../Unsolved/app/models/book.js                    |  16 +++
 .../Unsolved/app/public/add.html                   |  79 ++++++++++++
 .../Unsolved/app/public/all.html                   |  55 ++++++++
 .../Unsolved/app/public/js/add.js                  |  29 +++++
 .../Unsolved/app/public/js/all.js                  |  21 +++
 .../Unsolved/app/public/js/long.js                 |  21 +++
 .../Unsolved/app/public/js/short.js                |  21 +++
 .../Unsolved/app/public/js/view.js                 |  93 ++++++++++++++
 .../Unsolved/app/public/long.html                  |  56 ++++++++
 .../Unsolved/app/public/short.html                 |  60 +++++++++
 .../Unsolved/app/public/view.html                  | 111 ++++++++++++++++
 .../Unsolved/app/routes/api-routes.js              |  54 ++++++++
 .../Unsolved/app/routes/html-routes.js             |  41 ++++++
 .../05-SequelizeLibrary/Unsolved/package.json      |  20 +++
 .../05-SequelizeLibrary/Unsolved/schema.sql        |   2 +
 .../05-SequelizeLibrary/Unsolved/server.js         |  34 +++++
 .../06-SequelizeCLI/Unsolved/package.json          |  16 +++
 .../06-SequelizeCLI/Unsolved/server.js             |  19 +++
 .../01-Activities/07-ORM-To-Sequelize/README.md    |  23 ++++
 .../Unsolved/config/connection.js                  |  39 ++++++
 .../07-ORM-To-Sequelize/Unsolved/config/orm.js     |  68 ++++++++++
 .../07-ORM-To-Sequelize/Unsolved/package.json      |  21 +++
 .../Unsolved/public/css/styles.css                 |  19 +++
 .../07-ORM-To-Sequelize/Unsolved/public/index.html |  44 +++++++
 .../07-ORM-To-Sequelize/Unsolved/public/js/view.js | 132 +++++++++++++++++++
 .../Unsolved/routes/api-routes.js                  |  44 +++++++
 .../07-ORM-To-Sequelize/Unsolved/schema.sql        |   4 +
 .../07-ORM-To-Sequelize/Unsolved/server.js         |  33 +++++
 .../08-Sequelize-Create-Read/README.md             |  23 ++++
 .../Unsolved/config/config.json                    |  24 ++++
 .../Unsolved/models/index.js                       |  36 ++++++
 .../Unsolved/models/todo.js                        |   7 +
 .../08-Sequelize-Create-Read/Unsolved/package.json |  20 +++
 .../Unsolved/public/css/styles.css                 |  19 +++
 .../Unsolved/public/index.html                     |  44 +++++++
 .../Unsolved/public/js/view.js                     | 132 +++++++++++++++++++
 .../Unsolved/routes/api-routes.js                  |  38 ++++++
 .../08-Sequelize-Create-Read/Unsolved/schema.sql   |   4 +
 .../08-Sequelize-Create-Read/Unsolved/server.js    |  38 ++++++
 .../09-Sequelize-Update-Delete/README.md           |  26 ++++
 .../Unsolved/config/config.json                    |  26 ++++
 .../Unsolved/models/index.js                       |  36 ++++++
 .../Unsolved/models/todo.js                        |   7 +
 .../Unsolved/package.json                          |  20 +++
 .../Unsolved/public/css/styles.css                 |  19 +++
 .../Unsolved/public/index.html                     |  44 +++++++
 .../Unsolved/public/js/view.js                     | 132 +++++++++++++++++++
 .../Unsolved/routes/api-routes.js                  |  51 ++++++++
 .../09-Sequelize-Update-Delete/Unsolved/schema.sql |   4 +
 .../09-Sequelize-Update-Delete/Unsolved/server.js  |  38 ++++++
 .../10-Sequelize-Validations/README.md             |  19 +++
 .../Unsolved/config/config.json                    |  26 ++++
 .../Unsolved/models/index.js                       |  36 ++++++
 .../Unsolved/models/todo.js                        |  14 ++
 .../10-Sequelize-Validations/Unsolved/package.json |  20 +++
 .../Unsolved/public/css/styles.css                 |  19 +++
 .../Unsolved/public/index.html                     |  44 +++++++
 .../Unsolved/public/js/view.js                     | 132 +++++++++++++++++++
 .../Unsolved/routes/api-routes.js                  |  70 ++++++++++
 .../10-Sequelize-Validations/Unsolved/schema.sql   |   4 +
 .../10-Sequelize-Validations/Unsolved/server.js    |  38 ++++++
 .../01-Activities/11-Post-Model/README.md          |  32 +++++
 .../11-Post-Model/Unsolved/config/config.json      |  26 ++++
 .../11-Post-Model/Unsolved/models/index.js         |  36 ++++++
 .../11-Post-Model/Unsolved/models/post.js          |   5 +
 .../11-Post-Model/Unsolved/package.json            |  20 +++
 .../11-Post-Model/Unsolved/schema.sql              |   4 +
 .../01-Activities/11-Post-Model/Unsolved/server.js |  30 +++++
 .../01-Activities/12-Blog-CRUD/README.md           |  23 ++++
 .../12-Blog-CRUD/Unsolved/config/config.json       |  26 ++++
 .../12-Blog-CRUD/Unsolved/models/index.js          |  36 ++++++
 .../12-Blog-CRUD/Unsolved/models/post.js           |  23 ++++
 .../12-Blog-CRUD/Unsolved/package.json             |  20 +++
 .../12-Blog-CRUD/Unsolved/public/blog.html         |  42 ++++++
 .../12-Blog-CRUD/Unsolved/public/cms.html          |  50 ++++++++
 .../12-Blog-CRUD/Unsolved/public/css/styles.css    |  21 +++
 .../12-Blog-CRUD/Unsolved/public/js/blog.js        | 131 +++++++++++++++++++
 .../12-Blog-CRUD/Unsolved/public/js/cms.js         |  82 ++++++++++++
 .../12-Blog-CRUD/Unsolved/routes/api-routes.js     |  49 +++++++
 .../12-Blog-CRUD/Unsolved/routes/html-routes.js    |  30 +++++
 .../01-Activities/12-Blog-CRUD/Unsolved/schema.sql |   4 +
 .../01-Activities/12-Blog-CRUD/Unsolved/server.js  |  39 ++++++
 .../13-Post-Author-Association/README.md           |  23 ++++
 .../Unsolved/config/config.json                    |  26 ++++
 .../Unsolved/models/author.js                      |   7 +
 .../Unsolved/models/index.js                       |  36 ++++++
 .../Unsolved/models/post.js                        |  20 +++
 .../Unsolved/package.json                          |  20 +++
 .../Unsolved/public/author-manager.html            |  59 +++++++++
 .../Unsolved/public/blog.html                      |  35 +++++
 .../Unsolved/public/cms.html                       |  50 ++++++++
 .../Unsolved/public/css/styles.css                 |  47 +++++++
 .../Unsolved/public/js/author.js                   |  91 +++++++++++++
 .../Unsolved/public/js/blog.js                     | 141 +++++++++++++++++++++
 .../Unsolved/public/js/cms.js                      | 134 ++++++++++++++++++++
 .../Unsolved/routes/author-api-routes.js           |  36 ++++++
 .../Unsolved/routes/html-routes.js                 |  35 +++++
 .../Unsolved/routes/post-api-routes.js             |  70 ++++++++++
 .../13-Post-Author-Association/Unsolved/schema.sql |   4 +
 .../13-Post-Author-Association/Unsolved/server.js  |  40 ++++++
 .../01-Activities/14-Post-Author-Joins/README.md   |  22 ++++
 .../Unsolved/config/config.json                    |  26 ++++
 .../14-Post-Author-Joins/Unsolved/models/author.js |  16 +++
 .../14-Post-Author-Joins/Unsolved/models/index.js  |  36 ++++++
 .../14-Post-Author-Joins/Unsolved/models/post.js   |  28 ++++
 .../14-Post-Author-Joins/Unsolved/package.json     |  20 +++
 .../Unsolved/public/author-manager.html            |  60 +++++++++
 .../14-Post-Author-Joins/Unsolved/public/blog.html |  35 +++++
 .../14-Post-Author-Joins/Unsolved/public/cms.html  |  50 ++++++++
 .../Unsolved/public/css/styles.css                 |  47 +++++++
 .../Unsolved/public/js/author.js                   |  90 +++++++++++++
 .../Unsolved/public/js/blog.js                     | 141 +++++++++++++++++++++
 .../14-Post-Author-Joins/Unsolved/public/js/cms.js | 134 ++++++++++++++++++++
 .../Unsolved/routes/author-api-routes.js           |  38 ++++++
 .../Unsolved/routes/html-routes.js                 |  35 +++++
 .../Unsolved/routes/post-api-routes.js             |  72 +++++++++++
 .../14-Post-Author-Joins/Unsolved/schema.sql       |   4 +
 .../14-Post-Author-Joins/Unsolved/server.js        |  40 ++++++
 .../Instructions/Images/1-Sequelized.jpg           | Bin 0 -> 78492 bytes
 .../02-Homework/Instructions/Images/2-Migrated.jpg | Bin 0 -> 12147 bytes
 .../Instructions/Images/3-Associated.jpg           | Bin 0 -> 70168 bytes
 .../Instructions/homework_instructions.md          | 108 ++++++++++++++++
 159 files changed, 6118 insertions(+)
 create mode 100644 Class-Content/15-sequelize/01-Activities/00-MVCDiagram/MVC Diagram.pdf
 create mode 100644 Class-Content/15-sequelize/01-Activities/00-MVCDiagram/mvc.jpeg
 create mode 100644 Class-Content/15-sequelize/01-Activities/01-Chirpy-mySQL/README.md
 create mode 100644 Class-Content/15-sequelize/01-Activities/01-Chirpy-mySQL/Unsolved/app/config/connection.js
 create mode 100644 Class-Content/15-sequelize/01-Activities/01-Chirpy-mySQL/Unsolved/app/public/css/style.css
 create mode 100644 Class-Content/15-sequelize/01-Activities/01-Chirpy-mySQL/Unsolved/app/public/index.html
 create mode 100644 Class-Content/15-sequelize/01-Activities/01-Chirpy-mySQL/Unsolved/app/public/js/chirp.js
 create mode 100644 Class-Content/15-sequelize/01-Activities/01-Chirpy-mySQL/Unsolved/app/routes/api-routes.js
 create mode 100644 Class-Content/15-sequelize/01-Activities/01-Chirpy-mySQL/Unsolved/package.json
 create mode 100644 Class-Content/15-sequelize/01-Activities/01-Chirpy-mySQL/Unsolved/schema.sql
 create mode 100644 Class-Content/15-sequelize/01-Activities/01-Chirpy-mySQL/Unsolved/server.js
 create mode 100644 Class-Content/15-sequelize/01-Activities/02-SequelizeQuestions/Unsolved/Sequelize_Instructions.md
 create mode 100644 Class-Content/15-sequelize/01-Activities/03-Chirpy-Sequelize/app/config/connection.js
 create mode 100644 Class-Content/15-sequelize/01-Activities/03-Chirpy-Sequelize/app/models/chirp.js
 create mode 100644 Class-Content/15-sequelize/01-Activities/03-Chirpy-Sequelize/app/public/css/style.css
 create mode 100644 Class-Content/15-sequelize/01-Activities/03-Chirpy-Sequelize/app/public/index.html
 create mode 100644 Class-Content/15-sequelize/01-Activities/03-Chirpy-Sequelize/app/public/js/chirp.js
 create mode 100644 Class-Content/15-sequelize/01-Activities/03-Chirpy-Sequelize/app/routes/api-routes.js
 create mode 100644 Class-Content/15-sequelize/01-Activities/03-Chirpy-Sequelize/app/schema.sql
 create mode 100644 Class-Content/15-sequelize/01-Activities/03-Chirpy-Sequelize/package.json
 create mode 100644 Class-Content/15-sequelize/01-Activities/03-Chirpy-Sequelize/server.js
 create mode 100644 Class-Content/15-sequelize/01-Activities/04-StarWars/README.md
 create mode 100644 Class-Content/15-sequelize/01-Activities/04-StarWars/Unsolved/app/config/connection.js
 create mode 100644 Class-Content/15-sequelize/01-Activities/04-StarWars/Unsolved/app/config/orm.js
 create mode 100644 Class-Content/15-sequelize/01-Activities/04-StarWars/Unsolved/app/public/add.html
 create mode 100644 Class-Content/15-sequelize/01-Activities/04-StarWars/Unsolved/app/public/all.html
 create mode 100644 Class-Content/15-sequelize/01-Activities/04-StarWars/Unsolved/app/public/js/add.js
 create mode 100644 Class-Content/15-sequelize/01-Activities/04-StarWars/Unsolved/app/public/js/all.js
 create mode 100644 Class-Content/15-sequelize/01-Activities/04-StarWars/Unsolved/app/public/js/view.js
 create mode 100644 Class-Content/15-sequelize/01-Activities/04-StarWars/Unsolved/app/public/view.html
 create mode 100644 Class-Content/15-sequelize/01-Activities/04-StarWars/Unsolved/app/routes/api-routes.js
 create mode 100644 Class-Content/15-sequelize/01-Activities/04-StarWars/Unsolved/app/routes/html-routes.js
 create mode 100644 Class-Content/15-sequelize/01-Activities/04-StarWars/Unsolved/package.json
 create mode 100644 Class-Content/15-sequelize/01-Activities/04-StarWars/Unsolved/schema.sql
 create mode 100644 Class-Content/15-sequelize/01-Activities/04-StarWars/Unsolved/server.js
 create mode 100644 Class-Content/15-sequelize/01-Activities/05-SequelizeLibrary/README.md
 create mode 100644 Class-Content/15-sequelize/01-Activities/05-SequelizeLibrary/Unsolved/app/config/connection.js
 create mode 100644 Class-Content/15-sequelize/01-Activities/05-SequelizeLibrary/Unsolved/app/models/book.js
 create mode 100644 Class-Content/15-sequelize/01-Activities/05-SequelizeLibrary/Unsolved/app/public/add.html
 create mode 100644 Class-Content/15-sequelize/01-Activities/05-SequelizeLibrary/Unsolved/app/public/all.html
 create mode 100644 Class-Content/15-sequelize/01-Activities/05-SequelizeLibrary/Unsolved/app/public/js/add.js
 create mode 100644 Class-Content/15-sequelize/01-Activities/05-SequelizeLibrary/Unsolved/app/public/js/all.js
 create mode 100644 Class-Content/15-sequelize/01-Activities/05-SequelizeLibrary/Unsolved/app/public/js/long.js
 create mode 100644 Class-Content/15-sequelize/01-Activities/05-SequelizeLibrary/Unsolved/app/public/js/short.js
 create mode 100644 Class-Content/15-sequelize/01-Activities/05-SequelizeLibrary/Unsolved/app/public/js/view.js
 create mode 100644 Class-Content/15-sequelize/01-Activities/05-SequelizeLibrary/Unsolved/app/public/long.html
 create mode 100644 Class-Content/15-sequelize/01-Activities/05-SequelizeLibrary/Unsolved/app/public/short.html
 create mode 100644 Class-Content/15-sequelize/01-Activities/05-SequelizeLibrary/Unsolved/app/public/view.html
 create mode 100644 Class-Content/15-sequelize/01-Activities/05-SequelizeLibrary/Unsolved/app/routes/api-routes.js
 create mode 100644 Class-Content/15-sequelize/01-Activities/05-SequelizeLibrary/Unsolved/app/routes/html-routes.js
 create mode 100644 Class-Content/15-sequelize/01-Activities/05-SequelizeLibrary/Unsolved/package.json
 create mode 100644 Class-Content/15-sequelize/01-Activities/05-SequelizeLibrary/Unsolved/schema.sql
 create mode 100644 Class-Content/15-sequelize/01-Activities/05-SequelizeLibrary/Unsolved/server.js
 create mode 100644 Class-Content/15-sequelize/01-Activities/06-SequelizeCLI/Unsolved/package.json
 create mode 100644 Class-Content/15-sequelize/01-Activities/06-SequelizeCLI/Unsolved/server.js
 create mode 100644 Class-Content/15-sequelize/01-Activities/07-ORM-To-Sequelize/README.md
 create mode 100644 Class-Content/15-sequelize/01-Activities/07-ORM-To-Sequelize/Unsolved/config/connection.js
 create mode 100644 Class-Content/15-sequelize/01-Activities/07-ORM-To-Sequelize/Unsolved/config/orm.js
 create mode 100644 Class-Content/15-sequelize/01-Activities/07-ORM-To-Sequelize/Unsolved/package.json
 create mode 100644 Class-Content/15-sequelize/01-Activities/07-ORM-To-Sequelize/Unsolved/public/css/styles.css
 create mode 100644 Class-Content/15-sequelize/01-Activities/07-ORM-To-Sequelize/Unsolved/public/index.html
 create mode 100644 Class-Content/15-sequelize/01-Activities/07-ORM-To-Sequelize/Unsolved/public/js/view.js
 create mode 100644 Class-Content/15-sequelize/01-Activities/07-ORM-To-Sequelize/Unsolved/routes/api-routes.js
 create mode 100644 Class-Content/15-sequelize/01-Activities/07-ORM-To-Sequelize/Unsolved/schema.sql
 create mode 100644 Class-Content/15-sequelize/01-Activities/07-ORM-To-Sequelize/Unsolved/server.js
 create mode 100644 Class-Content/15-sequelize/01-Activities/08-Sequelize-Create-Read/README.md
 create mode 100644 Class-Content/15-sequelize/01-Activities/08-Sequelize-Create-Read/Unsolved/config/config.json
 create mode 100644 Class-Content/15-sequelize/01-Activities/08-Sequelize-Create-Read/Unsolved/models/index.js
 create mode 100644 Class-Content/15-sequelize/01-Activities/08-Sequelize-Create-Read/Unsolved/models/todo.js
 create mode 100644 Class-Content/15-sequelize/01-Activities/08-Sequelize-Create-Read/Unsolved/package.json
 create mode 100644 Class-Content/15-sequelize/01-Activities/08-Sequelize-Create-Read/Unsolved/public/css/styles.css
 create mode 100644 Class-Content/15-sequelize/01-Activities/08-Sequelize-Create-Read/Unsolved/public/index.html
 create mode 100644 Class-Content/15-sequelize/01-Activities/08-Sequelize-Create-Read/Unsolved/public/js/view.js
 create mode 100644 Class-Content/15-sequelize/01-Activities/08-Sequelize-Create-Read/Unsolved/routes/api-routes.js
 create mode 100644 Class-Content/15-sequelize/01-Activities/08-Sequelize-Create-Read/Unsolved/schema.sql
 create mode 100644 Class-Content/15-sequelize/01-Activities/08-Sequelize-Create-Read/Unsolved/server.js
 create mode 100644 Class-Content/15-sequelize/01-Activities/09-Sequelize-Update-Delete/README.md
 create mode 100644 Class-Content/15-sequelize/01-Activities/09-Sequelize-Update-Delete/Unsolved/config/config.json
 create mode 100644 Class-Content/15-sequelize/01-Activities/09-Sequelize-Update-Delete/Unsolved/models/index.js
 create mode 100644 Class-Content/15-sequelize/01-Activities/09-Sequelize-Update-Delete/Unsolved/models/todo.js
 create mode 100644 Class-Content/15-sequelize/01-Activities/09-Sequelize-Update-Delete/Unsolved/package.json
 create mode 100644 Class-Content/15-sequelize/01-Activities/09-Sequelize-Update-Delete/Unsolved/public/css/styles.css
 create mode 100644 Class-Content/15-sequelize/01-Activities/09-Sequelize-Update-Delete/Unsolved/public/index.html
 create mode 100644 Class-Content/15-sequelize/01-Activities/09-Sequelize-Update-Delete/Unsolved/public/js/view.js
 create mode 100644 Class-Content/15-sequelize/01-Activities/09-Sequelize-Update-Delete/Unsolved/routes/api-routes.js
 create mode 100644 Class-Content/15-sequelize/01-Activities/09-Sequelize-Update-Delete/Unsolved/schema.sql
 create mode 100644 Class-Content/15-sequelize/01-Activities/09-Sequelize-Update-Delete/Unsolved/server.js
 create mode 100644 Class-Content/15-sequelize/01-Activities/10-Sequelize-Validations/README.md
 create mode 100644 Class-Content/15-sequelize/01-Activities/10-Sequelize-Validations/Unsolved/config/config.json
 create mode 100644 Class-Content/15-sequelize/01-Activities/10-Sequelize-Validations/Unsolved/models/index.js
 create mode 100644 Class-Content/15-sequelize/01-Activities/10-Sequelize-Validations/Unsolved/models/todo.js
 create mode 100644 Class-Content/15-sequelize/01-Activities/10-Sequelize-Validations/Unsolved/package.json
 create mode 100644 Class-Content/15-sequelize/01-Activities/10-Sequelize-Validations/Unsolved/public/css/styles.css
 create mode 100644 Class-Content/15-sequelize/01-Activities/10-Sequelize-Validations/Unsolved/public/index.html
 create mode 100644 Class-Content/15-sequelize/01-Activities/10-Sequelize-Validations/Unsolved/public/js/view.js
 create mode 100644 Class-Content/15-sequelize/01-Activities/10-Sequelize-Validations/Unsolved/routes/api-routes.js
 create mode 100644 Class-Content/15-sequelize/01-Activities/10-Sequelize-Validations/Unsolved/schema.sql
 create mode 100644 Class-Content/15-sequelize/01-Activities/10-Sequelize-Validations/Unsolved/server.js
 create mode 100644 Class-Content/15-sequelize/01-Activities/11-Post-Model/README.md
 create mode 100644 Class-Content/15-sequelize/01-Activities/11-Post-Model/Unsolved/config/config.json
 create mode 100644 Class-Content/15-sequelize/01-Activities/11-Post-Model/Unsolved/models/index.js
 create mode 100644 Class-Content/15-sequelize/01-Activities/11-Post-Model/Unsolved/models/post.js
 create mode 100644 Class-Content/15-sequelize/01-Activities/11-Post-Model/Unsolved/package.json
 create mode 100644 Class-Content/15-sequelize/01-Activities/11-Post-Model/Unsolved/schema.sql
 create mode 100644 Class-Content/15-sequelize/01-Activities/11-Post-Model/Unsolved/server.js
 create mode 100644 Class-Content/15-sequelize/01-Activities/12-Blog-CRUD/README.md
 create mode 100644 Class-Content/15-sequelize/01-Activities/12-Blog-CRUD/Unsolved/config/config.json
 create mode 100644 Class-Content/15-sequelize/01-Activities/12-Blog-CRUD/Unsolved/models/index.js
 create mode 100644 Class-Content/15-sequelize/01-Activities/12-Blog-CRUD/Unsolved/models/post.js
 create mode 100644 Class-Content/15-sequelize/01-Activities/12-Blog-CRUD/Unsolved/package.json
 create mode 100644 Class-Content/15-sequelize/01-Activities/12-Blog-CRUD/Unsolved/public/blog.html
 create mode 100644 Class-Content/15-sequelize/01-Activities/12-Blog-CRUD/Unsolved/public/cms.html
 create mode 100644 Class-Content/15-sequelize/01-Activities/12-Blog-CRUD/Unsolved/public/css/styles.css
 create mode 100644 Class-Content/15-sequelize/01-Activities/12-Blog-CRUD/Unsolved/public/js/blog.js
 create mode 100644 Class-Content/15-sequelize/01-Activities/12-Blog-CRUD/Unsolved/public/js/cms.js
 create mode 100644 Class-Content/15-sequelize/01-Activities/12-Blog-CRUD/Unsolved/routes/api-routes.js
 create mode 100644 Class-Content/15-sequelize/01-Activities/12-Blog-CRUD/Unsolved/routes/html-routes.js
 create mode 100644 Class-Content/15-sequelize/01-Activities/12-Blog-CRUD/Unsolved/schema.sql
 create mode 100644 Class-Content/15-sequelize/01-Activities/12-Blog-CRUD/Unsolved/server.js
 create mode 100644 Class-Content/15-sequelize/01-Activities/13-Post-Author-Association/README.md
 create mode 100644 Class-Content/15-sequelize/01-Activities/13-Post-Author-Association/Unsolved/config/config.json
 create mode 100644 Class-Content/15-sequelize/01-Activities/13-Post-Author-Association/Unsolved/models/author.js
 create mode 100644 Class-Content/15-sequelize/01-Activities/13-Post-Author-Association/Unsolved/models/index.js
 create mode 100644 Class-Content/15-sequelize/01-Activities/13-Post-Author-Association/Unsolved/models/post.js
 create mode 100644 Class-Content/15-sequelize/01-Activities/13-Post-Author-Association/Unsolved/package.json
 create mode 100644 Class-Content/15-sequelize/01-Activities/13-Post-Author-Association/Unsolved/public/author-manager.html
 create mode 100644 Class-Content/15-sequelize/01-Activities/13-Post-Author-Association/Unsolved/public/blog.html
 create mode 100644 Class-Content/15-sequelize/01-Activities/13-Post-Author-Association/Unsolved/public/cms.html
 create mode 100644 Class-Content/15-sequelize/01-Activities/13-Post-Author-Association/Unsolved/public/css/styles.css
 create mode 100644 Class-Content/15-sequelize/01-Activities/13-Post-Author-Association/Unsolved/public/js/author.js
 create mode 100644 Class-Content/15-sequelize/01-Activities/13-Post-Author-Association/Unsolved/public/js/blog.js
 create mode 100644 Class-Content/15-sequelize/01-Activities/13-Post-Author-Association/Unsolved/public/js/cms.js
 create mode 100644 Class-Content/15-sequelize/01-Activities/13-Post-Author-Association/Unsolved/routes/author-api-routes.js
 create mode 100644 Class-Content/15-sequelize/01-Activities/13-Post-Author-Association/Unsolved/routes/html-routes.js
 create mode 100644 Class-Content/15-sequelize/01-Activities/13-Post-Author-Association/Unsolved/routes/post-api-routes.js
 create mode 100644 Class-Content/15-sequelize/01-Activities/13-Post-Author-Association/Unsolved/schema.sql
 create mode 100644 Class-Content/15-sequelize/01-Activities/13-Post-Author-Association/Unsolved/server.js
 create mode 100644 Class-Content/15-sequelize/01-Activities/14-Post-Author-Joins/README.md
 create mode 100644 Class-Content/15-sequelize/01-Activities/14-Post-Author-Joins/Unsolved/config/config.json
 create mode 100644 Class-Content/15-sequelize/01-Activities/14-Post-Author-Joins/Unsolved/models/author.js
 create mode 100644 Class-Content/15-sequelize/01-Activities/14-Post-Author-Joins/Unsolved/models/index.js
 create mode 100644 Class-Content/15-sequelize/01-Activities/14-Post-Author-Joins/Unsolved/models/post.js
 create mode 100644 Class-Content/15-sequelize/01-Activities/14-Post-Author-Joins/Unsolved/package.json
 create mode 100644 Class-Content/15-sequelize/01-Activities/14-Post-Author-Joins/Unsolved/public/author-manager.html
 create mode 100644 Class-Content/15-sequelize/01-Activities/14-Post-Author-Joins/Unsolved/public/blog.html
 create mode 100644 Class-Content/15-sequelize/01-Activities/14-Post-Author-Joins/Unsolved/public/cms.html
 create mode 100644 Class-Content/15-sequelize/01-Activities/14-Post-Author-Joins/Unsolved/public/css/styles.css
 create mode 100644 Class-Content/15-sequelize/01-Activities/14-Post-Author-Joins/Unsolved/public/js/author.js
 create mode 100644 Class-Content/15-sequelize/01-Activities/14-Post-Author-Joins/Unsolved/public/js/blog.js
 create mode 100644 Class-Content/15-sequelize/01-Activities/14-Post-Author-Joins/Unsolved/public/js/cms.js
 create mode 100644 Class-Content/15-sequelize/01-Activities/14-Post-Author-Joins/Unsolved/routes/author-api-routes.js
 create mode 100644 Class-Content/15-sequelize/01-Activities/14-Post-Author-Joins/Unsolved/routes/html-routes.js
 create mode 100644 Class-Content/15-sequelize/01-Activities/14-Post-Author-Joins/Unsolved/routes/post-api-routes.js
 create mode 100644 Class-Content/15-sequelize/01-Activities/14-Post-Author-Joins/Unsolved/schema.sql
 create mode 100644 Class-Content/15-sequelize/01-Activities/14-Post-Author-Joins/Unsolved/server.js
 create mode 100644 Class-Content/15-sequelize/02-Homework/Instructions/Images/1-Sequelized.jpg
 create mode 100644 Class-Content/15-sequelize/02-Homework/Instructions/Images/2-Migrated.jpg
 create mode 100644 Class-Content/15-sequelize/02-Homework/Instructions/Images/3-Associated.jpg
 create mode 100644 Class-Content/15-sequelize/02-Homework/Instructions/homework_instructions.md

Rane@rmk1 MINGW64 ~/Desktop/code-class/UDEN201807FSF4-FT (master)
$ ls
Class-Content/  README.md  Video-Guides/

Rane@rmk1 MINGW64 ~/Desktop/code-class/UDEN201807FSF4-FT (master)
$ cd Class-Content/

Rane@rmk1 MINGW64 ~/Desktop/code-class/UDEN201807FSF4-FT/Class-Content (master)
$ ls
01-html-git-css/   04-jquery/  07-firebase/          10-nodejs/           13-express/
02-css-bootstrap/  05-timers/  08-project-1/         11-js-constructors/  14-handlebars/
03-javascript/     06-ajax/    09-portfolio-update/  12-mysql/            15-sequelize/

Rane@rmk1 MINGW64 ~/Desktop/code-class/UDEN201807FSF4-FT/Class-Content (master)
$ cd 15-sequelize/

Rane@rmk1 MINGW64 ~/Desktop/code-class/UDEN201807FSF4-FT/Class-Content/15-sequelize (master)
$ ls
01-Activities/  02-Homework/

Rane@rmk1 MINGW64 ~/Desktop/code-class/UDEN201807FSF4-FT/Class-Content/15-sequelize (master)
$ cd 01-Activities/

Rane@rmk1 MINGW64 ~/Desktop/code-class/UDEN201807FSF4-FT/Class-Content/15-sequelize/01-Activities (master)
$ ls
00-MVCDiagram/          04-StarWars/          08-Sequelize-Create-Read/    12-Blog-CRUD/
01-Chirpy-mySQL/        05-SequelizeLibrary/  09-Sequelize-Update-Delete/  13-Post-Author-Association/
02-SequelizeQuestions/  06-SequelizeCLI/      10-Sequelize-Validations/    14-Post-Author-Joins/
03-Chirpy-Sequelize/    07-ORM-To-Sequelize/  11-Post-Model/

Rane@rmk1 MINGW64 ~/Desktop/code-class/UDEN201807FSF4-FT/Class-Content/15-sequelize/01-Activities (master)
$ git remote -v
origin  git@du.bootcampcontent.com:denver-coding-bootcamp/UDEN201807FSF4-FT.git (fetch)
origin  git@du.bootcampcontent.com:denver-coding-bootcamp/UDEN201807FSF4-FT.git (push)

Rane@rmk1 MINGW64 ~/Desktop/code-class/UDEN201807FSF4-FT/Class-Content/15-sequelize/01-Activities (master)
$ cd ~

Rane@rmk1 MINGW64 ~
$ cd Desktop/code-class/FriendFinder/

Rane@rmk1 MINGW64 ~/Desktop/code-class/FriendFinder (master)
$ git remote -v
friend-finder-by-rmk    https://git.heroku.com/fathomless-wave-80456.git (fetch)
friend-finder-by-rmk    https://git.heroku.com/fathomless-wave-80456.git (push)
heroku  https://git.heroku.com/friend-finder-by-rmk.git (fetch)
heroku  https://git.heroku.com/friend-finder-by-rmk.git (push)
origin  git@github.com:RKaseman/FriendFinder.git (fetch)
origin  git@github.com:RKaseman/FriendFinder.git (push)

Rane@rmk1 MINGW64 ~/Desktop/code-class/FriendFinder (master)
$ git remote rm friend-finder-by-rmk

Rane@rmk1 MINGW64 ~/Desktop/code-class/FriendFinder (master)
$ git remote -v
heroku  https://git.heroku.com/friend-finder-by-rmk.git (fetch)
heroku  https://git.heroku.com/friend-finder-by-rmk.git (push)
origin  git@github.com:RKaseman/FriendFinder.git (fetch)
origin  git@github.com:RKaseman/FriendFinder.git (push)

Rane@rmk1 MINGW64 ~/Desktop/code-class/FriendFinder (master)
$ git status
On branch master
Your branch is up to date with 'origin/master'.

Changes not staged for commit:
  (use "git add <file>..." to update what will be committed)
  (use "git checkout -- <file>..." to discard changes in working directory)

        modified:   app/public/home.html
        modified:   app/public/survey.html
        modified:   server.js

no changes added to commit (use "git add" and/or "git commit -a")

Rane@rmk1 MINGW64 ~/Desktop/code-class/FriendFinder (master)
$ git add .
warning: CRLF will be replaced by LF in app/public/home.html.
The file will have its original line endings in your working directory.
warning: CRLF will be replaced by LF in app/public/survey.html.
The file will have its original line endings in your working directory.
warning: CRLF will be replaced by LF in server.js.
The file will have its original line endings in your working directory.

Rane@rmk1 MINGW64 ~/Desktop/code-class/FriendFinder (master)
$ git commit -m "1252"
[master 341b781] 1252
 3 files changed, 5 insertions(+), 9 deletions(-)

Rane@rmk1 MINGW64 ~/Desktop/code-class/FriendFinder (master)
$ git push origin master
Counting objects: 7, done.
Delta compression using up to 8 threads.
Compressing objects: 100% (7/7), done.
Writing objects: 100% (7/7), 610 bytes | 610.00 KiB/s, done.
Total 7 (delta 4), reused 0 (delta 0)
remote: Resolving deltas: 100% (4/4), completed with 4 local objects.
To github.com:RKaseman/FriendFinder.git
   aebb513..341b781  master -> master

Rane@rmk1 MINGW64 ~/Desktop/code-class/FriendFinder (master)
$ git push heroku master
Counting objects: 7, done.
Delta compression using up to 8 threads.
Compressing objects: 100% (7/7), done.
Writing objects: 100% (7/7), 610 bytes | 610.00 KiB/s, done.
Total 7 (delta 4), reused 0 (delta 0)
remote: Compressing source files... done.
remote: Building source:
remote:
remote: -----> Node.js app detected
remote:
remote: -----> Creating runtime environment
remote:
remote:        NPM_CONFIG_LOGLEVEL=error
remote:        NODE_VERBOSE=false
remote:        NODE_ENV=production
remote:        NODE_MODULES_CACHE=true
remote:
remote: -----> Installing binaries
remote:        engines.node (package.json):  v8.11.4
remote:        engines.npm (package.json):   unspecified (use default)
remote:
remote:        Resolving node version v8.11.4...
remote:        Downloading and installing node 8.11.4...
remote:        Using default npm version: 5.6.0
remote:
remote: -----> Restoring cache
remote:        - node_modules is checked into source control and cannot be cached
remote:
remote: -----> Building dependencies
remote:        Prebuild detected (node_modules already exists)
remote:        Rebuilding any native modules
remote:        body-parser@1.18.3 /tmp/build_600f2e172512210dd8daac56152b210f/node_modules/body-parser
remote:        bytes@3.0.0 /tmp/build_600f2e172512210dd8daac56152b210f/node_modules/bytes
remote:        content-type@1.0.4 /tmp/build_600f2e172512210dd8daac56152b210f/node_modules/content-type
remote:        debug@2.6.9 /tmp/build_600f2e172512210dd8daac56152b210f/node_modules/debug
remote:        ms@2.0.0 /tmp/build_600f2e172512210dd8daac56152b210f/node_modules/ms
remote:        depd@1.1.2 /tmp/build_600f2e172512210dd8daac56152b210f/node_modules/depd
remote:        http-errors@1.6.3 /tmp/build_600f2e172512210dd8daac56152b210f/node_modules/http-errors
remote:        inherits@2.0.3 /tmp/build_600f2e172512210dd8daac56152b210f/node_modules/inherits
remote:        setprototypeof@1.1.0 /tmp/build_600f2e172512210dd8daac56152b210f/node_modules/setprototypeof
remote:        statuses@1.4.0 /tmp/build_600f2e172512210dd8daac56152b210f/node_modules/statuses
remote:        iconv-lite@0.4.23 /tmp/build_600f2e172512210dd8daac56152b210f/node_modules/iconv-lite
remote:        safer-buffer@2.1.2 /tmp/build_600f2e172512210dd8daac56152b210f/node_modules/safer-buffer
remote:        on-finished@2.3.0 /tmp/build_600f2e172512210dd8daac56152b210f/node_modules/on-finished
remote:        ee-first@1.1.1 /tmp/build_600f2e172512210dd8daac56152b210f/node_modules/ee-first
remote:        qs@6.5.2 /tmp/build_600f2e172512210dd8daac56152b210f/node_modules/body-parser/node_modules/qs
remote:        raw-body@2.3.3 /tmp/build_600f2e172512210dd8daac56152b210f/node_modules/raw-body
remote:        unpipe@1.0.0 /tmp/build_600f2e172512210dd8daac56152b210f/node_modules/unpipe
remote:        type-is@1.6.16 /tmp/build_600f2e172512210dd8daac56152b210f/node_modules/type-is
remote:        media-typer@0.3.0 /tmp/build_600f2e172512210dd8daac56152b210f/node_modules/media-typer
remote:        mime-types@2.1.20 /tmp/build_600f2e172512210dd8daac56152b210f/node_modules/mime-types
remote:        mime-db@1.36.0 /tmp/build_600f2e172512210dd8daac56152b210f/node_modules/mime-db
remote:        express@4.16.3 /tmp/build_600f2e172512210dd8daac56152b210f/node_modules/express
remote:        accepts@1.3.5 /tmp/build_600f2e172512210dd8daac56152b210f/node_modules/accepts
remote:        negotiator@0.6.1 /tmp/build_600f2e172512210dd8daac56152b210f/node_modules/negotiator
remote:        array-flatten@1.1.1 /tmp/build_600f2e172512210dd8daac56152b210f/node_modules/array-flatten
remote:        body-parser@1.18.2 /tmp/build_600f2e172512210dd8daac56152b210f/node_modules/express/node_modules/body-parser
remote:        iconv-lite@0.4.19 /tmp/build_600f2e172512210dd8daac56152b210f/node_modules/express/node_modules/iconv-lite
remote:        qs@6.5.1 /tmp/build_600f2e172512210dd8daac56152b210f/node_modules/qs
remote:        raw-body@2.3.2 /tmp/build_600f2e172512210dd8daac56152b210f/node_modules/express/node_modules/raw-body
remote:        http-errors@1.6.2 /tmp/build_600f2e172512210dd8daac56152b210f/node_modules/express/node_modules/raw-body/node_modules/http-errors
remote:        depd@1.1.1 /tmp/build_600f2e172512210dd8daac56152b210f/node_modules/express/node_modules/raw-body/node_modules/depd
remote:        setprototypeof@1.0.3 /tmp/build_600f2e172512210dd8daac56152b210f/node_modules/express/node_modules/raw-body/node_modules/setprototypeof
remote:        content-disposition@0.5.2 /tmp/build_600f2e172512210dd8daac56152b210f/node_modules/content-disposition
remote:        cookie@0.3.1 /tmp/build_600f2e172512210dd8daac56152b210f/node_modules/cookie
remote:        cookie-signature@1.0.6 /tmp/build_600f2e172512210dd8daac56152b210f/node_modules/cookie-signature
remote:        encodeurl@1.0.2 /tmp/build_600f2e172512210dd8daac56152b210f/node_modules/encodeurl
remote:        escape-html@1.0.3 /tmp/build_600f2e172512210dd8daac56152b210f/node_modules/escape-html
remote:        etag@1.8.1 /tmp/build_600f2e172512210dd8daac56152b210f/node_modules/etag
remote:        finalhandler@1.1.1 /tmp/build_600f2e172512210dd8daac56152b210f/node_modules/finalhandler
remote:        parseurl@1.3.2 /tmp/build_600f2e172512210dd8daac56152b210f/node_modules/parseurl
remote:        fresh@0.5.2 /tmp/build_600f2e172512210dd8daac56152b210f/node_modules/fresh
remote:        merge-descriptors@1.0.1 /tmp/build_600f2e172512210dd8daac56152b210f/node_modules/merge-descriptors
remote:        methods@1.1.2 /tmp/build_600f2e172512210dd8daac56152b210f/node_modules/methods
remote:        path-to-regexp@0.1.7 /tmp/build_600f2e172512210dd8daac56152b210f/node_modules/path-to-regexp
remote:        proxy-addr@2.0.4 /tmp/build_600f2e172512210dd8daac56152b210f/node_modules/proxy-addr
remote:        forwarded@0.1.2 /tmp/build_600f2e172512210dd8daac56152b210f/node_modules/forwarded
remote:        ipaddr.js@1.8.0 /tmp/build_600f2e172512210dd8daac56152b210f/node_modules/ipaddr.js
remote:        range-parser@1.2.0 /tmp/build_600f2e172512210dd8daac56152b210f/node_modules/range-parser
remote:        safe-buffer@5.1.1 /tmp/build_600f2e172512210dd8daac56152b210f/node_modules/safe-buffer
remote:        send@0.16.2 /tmp/build_600f2e172512210dd8daac56152b210f/node_modules/send
remote:        destroy@1.0.4 /tmp/build_600f2e172512210dd8daac56152b210f/node_modules/destroy
remote:        mime@1.4.1 /tmp/build_600f2e172512210dd8daac56152b210f/node_modules/mime
remote:        serve-static@1.13.2 /tmp/build_600f2e172512210dd8daac56152b210f/node_modules/serve-static
remote:        utils-merge@1.0.1 /tmp/build_600f2e172512210dd8daac56152b210f/node_modules/utils-merge
remote:        vary@1.1.2 /tmp/build_600f2e172512210dd8daac56152b210f/node_modules/vary
remote:        path@0.12.7 /tmp/build_600f2e172512210dd8daac56152b210f/node_modules/path
remote:        process@0.11.10 /tmp/build_600f2e172512210dd8daac56152b210f/node_modules/process
remote:        util@0.10.4 /tmp/build_600f2e172512210dd8daac56152b210f/node_modules/util
remote:        Installing any new modules (package.json)
remote:        up to date in 0.501s
remote:
remote: -----> Caching build
remote:        - node_modules
remote:
remote: -----> Pruning devDependencies
remote:        Skipping because npm 5.6.0 sometimes fails when running 'npm prune' due to a known issue
remote:        https://github.com/npm/npm/issues/19356
remote:
remote:        You can silence this warning by updating to at least npm 5.7.1 in your package.json
remote:        https://devcenter.heroku.com/articles/nodejs-support#specifying-an-npm-version
remote:
remote: -----> Build succeeded!
remote: -----> Discovering process types
remote:        Procfile declares types     -> (none)
remote:        Default types for buildpack -> web
remote:
remote: -----> Compressing...
remote:        Done: 17.9M
remote: -----> Launching...
remote:        Released v14
remote:        https://friend-finder-by-rmk.herokuapp.com/ deployed to Heroku
remote:
remote: Verifying deploy... done.
To https://git.heroku.com/friend-finder-by-rmk.git
   aebb513..341b781  master -> master

Rane@rmk1 MINGW64 ~/Desktop/code-class/FriendFinder (master)
$ cd ../burger/

Rane@rmk1 MINGW64 ~/Desktop/code-class/burger (master)
$ git status
On branch master
Your branch is up to date with 'origin/master'.

Changes not staged for commit:
  (use "git add <file>..." to update what will be committed)
  (use "git checkout -- <file>..." to discard changes in working directory)

        modified:   README.md

Untracked files:
  (use "git add <file>..." to include in what will be committed)

        .gitignore
        config/
        database/
        package-lock.json
        package.json
        server.js

no changes added to commit (use "git add" and/or "git commit -a")

Rane@rmk1 MINGW64 ~/Desktop/code-class/burger (master)
$ git add .
warning: CRLF will be replaced by LF in README.md.
The file will have its original line endings in your working directory.

Rane@rmk1 MINGW64 ~/Desktop/code-class/burger (master)
$ git commit -m "1255"
[master 12d3a5a] 1255
 9 files changed, 947 insertions(+), 1 deletion(-)
 create mode 100644 .gitignore
 rewrite README.md (100%)
 create mode 100644 config/connection.js
 create mode 100644 config/orm.js
 create mode 100644 database/schema.sql
 create mode 100644 database/seeds.sql
 create mode 100644 package-lock.json
 create mode 100644 package.json
 create mode 100644 server.js

Rane@rmk1 MINGW64 ~/Desktop/code-class/burger (master)
$ git push origin master
Counting objects: 9, done.
Delta compression using up to 8 threads.
Compressing objects: 100% (7/7), done.
Writing objects: 100% (9/9), 10.67 KiB | 1.33 MiB/s, done.
Total 9 (delta 0), reused 0 (delta 0)
To github.com:RKaseman/burger.git
   65fd8a4..12d3a5a  master -> master

Rane@rmk1 MINGW64 ~/Desktop/code-class/burger (master)
$ cd ../UDEN201807FSF4-FT/

Rane@rmk1 MINGW64 ~/Desktop/code-class/UDEN201807FSF4-FT (master)
$ cd Class-Content/15-sequelize/

Rane@rmk1 MINGW64 ~/Desktop/code-class/UDEN201807FSF4-FT/Class-Content/15-sequelize (master)
$ cd ~

Rane@rmk1 MINGW64 ~
$ cd Desktop/code-class/FriendFinder/

Rane@rmk1 MINGW64 ~/Desktop/code-class/FriendFinder (master)
$ node server.js
server at http://localhost:8080

Rane@rmk1 MINGW64 ~/Desktop/code-class/FriendFinder (master)
$ node server.js
server at http://localhost:8080
